Archive member included to satisfy reference by file (symbol)

/home/pi/Documents/Omni_Bot_PI/micro_ros_pi/libmicroros/libmicroros.a(libgeometry_msgs__rosidl_typesupport_c-twist__type_support.cpp.obj)
                              CMakeFiles/pico_control.dir/pico_control.cpp.o (rosidl_typesupport_c__get_message_type_support_handle__geometry_msgs__msg__Twist)
/home/pi/Documents/Omni_Bot_PI/micro_ros_pi/libmicroros/libmicroros.a(libgeometry_msgs__rosidl_typesupport_c-vector3__type_support.cpp.obj)
                              CMakeFiles/pico_control.dir/pico_control.cpp.o (rosidl_typesupport_c__get_message_type_support_handle__geometry_msgs__msg__Vector3)
/home/pi/Documents/Omni_Bot_PI/micro_ros_pi/libmicroros/libmicroros.a(libgeometry_msgs__rosidl_typesupport_introspection_c-twist__type_support.c.obj)
                              /home/pi/Documents/Omni_Bot_PI/micro_ros_pi/libmicroros/libmicroros.a(libgeometry_msgs__rosidl_typesupport_c-twist__type_support.cpp.obj) (rosidl_typesupport_introspection_c__get_message_type_support_handle__geometry_msgs__msg__Twist)
/home/pi/Documents/Omni_Bot_PI/micro_ros_pi/libmicroros/libmicroros.a(libgeometry_msgs__rosidl_typesupport_introspection_c-vector3__type_support.c.obj)
                              /home/pi/Documents/Omni_Bot_PI/micro_ros_pi/libmicroros/libmicroros.a(libgeometry_msgs__rosidl_typesupport_c-vector3__type_support.cpp.obj) (rosidl_typesupport_introspection_c__get_message_type_support_handle__geometry_msgs__msg__Vector3)
/home/pi/Documents/Omni_Bot_PI/micro_ros_pi/libmicroros/libmicroros.a(libgeometry_msgs__rosidl_typesupport_microxrcedds_c-twist__type_support_c.c.obj)
                              /home/pi/Documents/Omni_Bot_PI/micro_ros_pi/libmicroros/libmicroros.a(libgeometry_msgs__rosidl_typesupport_c-twist__type_support.cpp.obj) (rosidl_typesupport_microxrcedds_c__get_message_type_support_handle__geometry_msgs__msg__Twist)
/home/pi/Documents/Omni_Bot_PI/micro_ros_pi/libmicroros/libmicroros.a(libgeometry_msgs__rosidl_typesupport_microxrcedds_c-vector3__type_support_c.c.obj)
                              /home/pi/Documents/Omni_Bot_PI/micro_ros_pi/libmicroros/libmicroros.a(libgeometry_msgs__rosidl_typesupport_microxrcedds_c-twist__type_support_c.c.obj) (get_serialized_size_geometry_msgs__msg__Vector3)
/home/pi/Documents/Omni_Bot_PI/micro_ros_pi/libmicroros/libmicroros.a(libmicrocdr-basic.c.obj)
                              /home/pi/Documents/Omni_Bot_PI/micro_ros_pi/libmicroros/libmicroros.a(libgeometry_msgs__rosidl_typesupport_microxrcedds_c-vector3__type_support_c.c.obj) (ucdr_serialize_double)
/home/pi/Documents/Omni_Bot_PI/micro_ros_pi/libmicroros/libmicroros.a(libmicrocdr-common.c.obj)
                              /home/pi/Documents/Omni_Bot_PI/micro_ros_pi/libmicroros/libmicroros.a(libmicrocdr-basic.c.obj) (ucdr_check_buffer_available_for)
/home/pi/Documents/Omni_Bot_PI/micro_ros_pi/libmicroros/libmicroros.a(librcl-publisher.c.obj)
                              CMakeFiles/pico_control.dir/pico_control.cpp.o (rcl_publish)
/home/pi/Documents/Omni_Bot_PI/micro_ros_pi/libmicroros/libmicroros.a(librclc-executor.c.obj)
                              CMakeFiles/pico_control.dir/pico_control.cpp.o (rclc_executor_init)
/home/pi/Documents/Omni_Bot_PI/micro_ros_pi/libmicroros/libmicroros.a(librclc-executor_handle.c.obj)
                              /home/pi/Documents/Omni_Bot_PI/micro_ros_pi/libmicroros/libmicroros.a(librclc-executor.c.obj) (rclc_executor_handle_counters_zero_init)
/home/pi/Documents/Omni_Bot_PI/micro_ros_pi/libmicroros/libmicroros.a(librclc-init.c.obj)
                              CMakeFiles/pico_control.dir/pico_control.cpp.o (rclc_support_init)
/home/pi/Documents/Omni_Bot_PI/micro_ros_pi/libmicroros/libmicroros.a(librclc-node.c.obj)
                              CMakeFiles/pico_control.dir/pico_control.cpp.o (rclc_node_init_default)
/home/pi/Documents/Omni_Bot_PI/micro_ros_pi/libmicroros/libmicroros.a(librclc-publisher.c.obj)
                              CMakeFiles/pico_control.dir/pico_control.cpp.o (rclc_publisher_init_default)
/home/pi/Documents/Omni_Bot_PI/micro_ros_pi/libmicroros/libmicroros.a(librclc-sleep.c.obj)
                              /home/pi/Documents/Omni_Bot_PI/micro_ros_pi/libmicroros/libmicroros.a(librclc-executor.c.obj) (rclc_sleep_ms)
/home/pi/Documents/Omni_Bot_PI/micro_ros_pi/libmicroros/libmicroros.a(librclc-subscription.c.obj)
                              CMakeFiles/pico_control.dir/pico_control.cpp.o (rclc_subscription_init_default)
/home/pi/Documents/Omni_Bot_PI/micro_ros_pi/libmicroros/libmicroros.a(librclc-timer.c.obj)
                              CMakeFiles/pico_control.dir/pico_control.cpp.o (rclc_timer_init_default)
/home/pi/Documents/Omni_Bot_PI/micro_ros_pi/libmicroros/libmicroros.a(librcutils-allocator.c.obj)
                              CMakeFiles/pico_control.dir/pico_control.cpp.o (rcutils_get_default_allocator)
[...]
Memory Configuration

Name             Origin             Length             Attributes
FLASH            0x10000000         0x00200000         xr
RAM              0x20000000         0x00040000         xrw
SCRATCH_X        0x20040000         0x00001000         xrw
SCRATCH_Y        0x20041000         0x00001000         xrw
*default*        0x00000000         0xffffffff

Linker script and memory map

LOAD /usr/lib/gcc/arm-none-eabi/12.2.1/thumb/v6-m/nofp/crti.o
LOAD /usr/lib/gcc/arm-none-eabi/12.2.1/thumb/v6-m/nofp/crtbegin.o
LOAD /usr/lib/gcc/arm-none-eabi/12.2.1/../../../arm-none-eabi/lib/thumb/v6-m/nofp/crt0.o

.flash_begin    0x10000000        0x0
                0x10000000                        __flash_binary_start = .

.boot2          0x10000000      0x100
                0x10000000                        __boot2_start__ = .
 *(.boot2)
 .boot2         0x10000000      0x100 pico-sdk/src/rp2040/boot_stage2/CMakeFiles/bs2_default_library.dir/bs2_default_padded_checksummed.S.o
                0x10000100                        __boot2_end__ = .
                0x00000001                        ASSERT (((__boot2_end__ - __boot2_start__) == 0x100), ERROR: Pico second stage bootloader must be 256 bytes in size)

.text           0x10000100    0x16c08
                0x10000100                        __logical_binary_start = .
 *(.vectors)
 .vectors       0x10000100       0xd4 CMakeFiles/pico_control.dir/home/pi/pico-sdk/src/rp2_common/pico_crt0/crt0.S.o
                0x10000100                __vectors
                0x10000100                __VECTOR_TABLE
                0x100001c0                isr_invalid
                0x100001c0                __default_isrs_start
                0x100001c2                isr_nmi
                0x100001c4                isr_hardfault
                0x100001c6                isr_svcall
                0x100001c8                isr_pendsv
                0x100001ca                isr_systick
                0x100001cc                isr_irq30
                0x100001cc                __unhandled_user_irq
                0x100001cc                isr_irq13
                0x100001cc                isr_irq27
                0x100001cc                isr_irq31
                0x100001cc                isr_irq5
                0x100001cc                isr_irq11
                0x100001cc                isr_irq23
                0x100001cc                isr_irq18
                0x100001cc                isr_irq28
                0x100001cc                isr_irq19
                0x100001cc                isr_irq0
                0x100001cc                isr_irq6
                0x100001cc                isr_irq22
                0x100001cc                isr_irq17
                0x100001cc                isr_irq14
                0x100001cc                isr_irq2
                0x100001cc                isr_irq10
                0x100001cc                isr_irq8
                0x100001cc                isr_irq24
                0x100001cc                isr_irq1
                0x100001cc                isr_irq7
                0x100001cc                isr_irq21
                0x100001cc                isr_irq20
                0x100001cc                isr_irq15
                0x100001cc                isr_irq25
                0x100001cc                isr_irq4
                0x100001cc                isr_irq16
                0x100001cc                isr_irq29
                0x100001cc                isr_irq26
                0x100001cc                __default_isrs_end
                0x100001cc                isr_irq3
                0x100001cc                isr_irq12
                0x100001cc                isr_irq9
                0x100001d2                unhandled_user_irq_num_in_r0
 *(.binary_info_header)
 .binary_info_header
                0x100001d4       0x14 CMakeFiles/pico_control.dir/home/pi/pico-sdk/src/rp2_common/pico_crt0/crt0.S.o
                0x100001e8                        __binary_info_header_end = .
 *(.embedded_block)
                0x100001e8                        __embedded_block_end = .
 *(.reset)
 .reset         0x100001e8       0x9c CMakeFiles/pico_control.dir/home/pi/pico-sdk/src/rp2_common/pico_crt0/crt0.S.o
                0x100001e8                _entry_point
 *(.init)
 .init          0x10000284        0x4 /usr/lib/gcc/arm-none-eabi/12.2.1/thumb/v6-m/nofp/crti.o
                0x10000284                _init
 *(EXCLUDE_FILE(*libm.a: *libc.a:*lib_a-mem*.o *libgcc.a:) .text*)
 .text          0x10000288       0x98 /usr/lib/gcc/arm-none-eabi/12.2.1/thumb/v6-m/nofp/crtbegin.o
 .text._Z16cmd_vel_callbackPKv
                0x10000320       0x3c CMakeFiles/pico_control.dir/pico_control.cpp.o
                0x10000320                cmd_vel_callback(void const*)
 .text._Z17pwm_set_freq_dutyjjmi
                0x1000035c       0xac CMakeFiles/pico_control.dir/pico_control.cpp.o
                0x1000035c                pwm_set_freq_duty(unsigned int, unsigned int, unsigned long, int)
 .text._Z9initMotorPiii
                0x10000408       0x7c CMakeFiles/pico_control.dir/pico_control.cpp.o
                0x10000408                initMotor(int*, int, int)
 .text._Z10changeDutyffPi
                0x10000484       0xb4 CMakeFiles/pico_control.dir/pico_control.cpp.o
                0x10000484                changeDuty(float, float, int*)
 .text._Z14timer_callbackP11rcl_timer_sx
                0x10000538      0x334 CMakeFiles/pico_control.dir/pico_control.cpp.o
                0x10000538                timer_callback(rcl_timer_s*, long long)
 .text.startup.main
                0x1000086c      0x15c CMakeFiles/pico_control.dir/pico_control.cpp.o
                0x1000086c                main
 .text.startup._GLOBAL__sub_I__Z17pwm_set_freq_dutyjjmi
                0x100009c8       0xc8 CMakeFiles/pico_control.dir/pico_control.cpp.o
 .text.clock_gettime
                0x10000a90       0x28 CMakeFiles/pico_control.dir/pico_uart_transport.c.o
                0x10000a90                clock_gettime
 .text.pico_serial_transport_open
                0x10000ab8       0x1c CMakeFiles/pico_control.dir/pico_uart_transport.c.o
                0x10000ab8                pico_serial_transport_open
 .text.pico_serial_transport_close
                0x10000ad4        0x4 CMakeFiles/pico_control.dir/pico_uart_transport.c.o
                0x10000ad4                pico_serial_transport_close
 .text.pico_serial_transport_write
                0x10000ad8       0x38 CMakeFiles/pico_control.dir/pico_uart_transport.c.o
                0x10000ad8                pico_serial_transport_write
 .text.pico_serial_transport_read
                0x10000b10       0x64 CMakeFiles/pico_control.dir/pico_uart_transport.c.o
                0x10000b10                pico_serial_transport_read
 .text.gpio_set_function
                0x10000b74       0x34 CMakeFiles/pico_control.dir/home/pi/pico-sdk/src/rp2_common/hardware_gpio/gpio.c.o
                0x10000b74                gpio_set_function
 .text.gpio_set_pulls
                0x10000ba8       0x28 CMakeFiles/pico_control.dir/home/pi/pico-sdk/src/rp2_common/hardware_gpio/gpio.c.o
                0x10000ba8                gpio_set_pulls
 .text.gpio_init
                0x10000bd0       0x40 CMakeFiles/pico_control.dir/home/pi/pico-sdk/src/rp2_common/hardware_gpio/gpio.c.o
                0x10000bd0                gpio_init
 .text.rp2040_chip_version
                0x10000c10        0xc CMakeFiles/pico_control.dir/home/pi/pico-sdk/src/rp2040/pico_platform/platform.c.o
                0x10000c10                rp2040_chip_version
 .text.panic    0x10000c1c       0x30 CMakeFiles/pico_control.dir/home/pi/pico-sdk/src/rp2_common/pico_platform_panic/panic.c.o
                0x10000c1c                panic
 .text.hw_claim_lock
                0x10000c4c       0x18 CMakeFiles/pico_control.dir/home/pi/pico-sdk/src/common/hardware_claim/claim.c.o
                0x10000c4c                hw_claim_lock
 .text.hw_claim_unlock
                0x10000c64       0x14 CMakeFiles/pico_control.dir/home/pi/pico-sdk/src/common/hardware_claim/claim.c.o
                0x10000c64                hw_claim_unlock
 .text.hw_claim_or_assert
                0x10000c78       0x44 CMakeFiles/pico_control.dir/home/pi/pico-sdk/src/common/hardware_claim/claim.c.o
                0x10000c78                hw_claim_or_assert
 .text.hw_claim_unused_from_range
                0x10000cbc       0x9c CMakeFiles/pico_control.dir/home/pi/pico-sdk/src/common/hardware_claim/claim.c.o
                0x10000cbc                hw_claim_unused_from_range
 .text.next_striped_spin_lock_num
                0x10000d58       0x18 CMakeFiles/pico_control.dir/home/pi/pico-sdk/src/rp2_common/hardware_sync/sync.c.o
                0x10000d58                next_striped_spin_lock_num
 .text.spin_lock_claim_unused
                0x10000d70       0x24 CMakeFiles/pico_control.dir/home/pi/pico-sdk/src/rp2_common/hardware_sync/sync.c.o
                0x10000d70                spin_lock_claim_unused
 .text.spin_locks_reset
                0x10000d94       0x1c CMakeFiles/pico_control.dir/home/pi/pico-sdk/src/rp2_common/hardware_sync_spin_lock/sync_spin_lock.c.o
                0x10000d94                spin_locks_reset
 .text.runtime_init_per_core_irq_priorities
                0x10000db0       0x24 CMakeFiles/pico_control.dir/home/pi/pico-sdk/src/rp2_common/hardware_irq/irq.c.o
                0x10000db0                runtime_init_per_core_irq_priorities
 .text.irq_set_enabled
                0x10000dd4       0x24 CMakeFiles/pico_control.dir/home/pi/pico-sdk/src/rp2_common/hardware_irq/irq.c.o
                0x10000dd4                irq_set_enabled
 .text.irq_is_enabled
                0x10000df8       0x18 CMakeFiles/pico_control.dir/home/pi/pico-sdk/src/rp2_common/hardware_irq/irq.c.o
                0x10000df8                irq_is_enabled
 .text.irq_set_pending
                0x10000e10       0x10 CMakeFiles/pico_control.dir/home/pi/pico-sdk/src/rp2_common/hardware_irq/irq.c.o
                0x10000e10                irq_set_pending
 .text.irq_has_shared_handler
                0x10000e20       0x2c CMakeFiles/pico_control.dir/home/pi/pico-sdk/src/rp2_common/hardware_irq/irq.c.o
                0x10000e20                irq_has_shared_handler
 .text.irq_set_exclusive_handler
                0x10000e4c       0x54 CMakeFiles/pico_control.dir/home/pi/pico-sdk/src/rp2_common/hardware_irq/irq.c.o
                0x10000e4c                irq_set_exclusive_handler
 .text.irq_add_shared_handler
                0x10000ea0      0x1f4 CMakeFiles/pico_control.dir/home/pi/pico-sdk/src/rp2_common/hardware_irq/irq.c.o
                0x10000ea0                irq_add_shared_handler
 .text.irq_add_tail_to_free_list
                0x10001094       0xb4 CMakeFiles/pico_control.dir/home/pi/pico-sdk/src/rp2_common/hardware_irq/irq.c.o
                0x10001094                irq_add_tail_to_free_list
 .text.user_irq_claim_unused
                0x10001148       0x2c CMakeFiles/pico_control.dir/home/pi/pico-sdk/src/rp2_common/hardware_irq/irq.c.o
                0x10001148                user_irq_claim_unused
 .text.lock_init
                0x10001174       0x10 CMakeFiles/pico_control.dir/home/pi/pico-sdk/src/common/pico_sync/lock_core.c.o
                0x10001174                lock_init
 .text.runtime_init_mutex
                0x10001184       0x58 CMakeFiles/pico_control.dir/home/pi/pico-sdk/src/common/pico_sync/mutex.c.o
                0x10001184                runtime_init_mutex
 .text.mutex_init
                0x100011dc       0x1c CMakeFiles/pico_control.dir/home/pi/pico-sdk/src/common/pico_sync/mutex.c.o
                0x100011dc                mutex_init
 .text.critical_section_init
                0x100011f8       0x1c CMakeFiles/pico_control.dir/home/pi/pico-sdk/src/common/pico_sync/critical_section.c.o
                0x100011f8                critical_section_init
 .text.critical_section_init_with_lock_num
                0x10001214       0x14 CMakeFiles/pico_control.dir/home/pi/pico-sdk/src/common/pico_sync/critical_section.c.o
                0x10001214                critical_section_init_with_lock_num
 .text.sleep_until_callback
                0x10001228       0x30 CMakeFiles/pico_control.dir/home/pi/pico-sdk/src/common/pico_time/time.c.o
 .text.alarm_pool_irq_handler
                0x10001258      0x308 CMakeFiles/pico_control.dir/home/pi/pico-sdk/src/common/pico_time/time.c.o
 .text.runtime_init_default_alarm_pool
                0x10001560       0xdc CMakeFiles/pico_control.dir/home/pi/pico-sdk/src/common/pico_time/time.c.o
                0x10001560                runtime_init_default_alarm_pool
 .text.alarm_pool_get_default
                0x1000163c        0x8 CMakeFiles/pico_control.dir/home/pi/pico-sdk/src/common/pico_time/time.c.o
                0x1000163c                alarm_pool_get_default
 .text.alarm_pool_add_alarm_at
                0x10001644       0xd4 CMakeFiles/pico_control.dir/home/pi/pico-sdk/src/common/pico_time/time.c.o
                0x10001644                alarm_pool_add_alarm_at
 .text.alarm_pool_add_alarm_at_force_in_context
                0x10001718       0xb0 CMakeFiles/pico_control.dir/home/pi/pico-sdk/src/common/pico_time/time.c.o
                0x10001718                alarm_pool_add_alarm_at_force_in_context
 .text.alarm_pool_cancel_alarm
                0x100017c8       0x74 CMakeFiles/pico_control.dir/home/pi/pico-sdk/src/common/pico_time/time.c.o
                0x100017c8                alarm_pool_cancel_alarm
 .text.alarm_pool_core_num
                0x1000183c        0x4 CMakeFiles/pico_control.dir/home/pi/pico-sdk/src/common/pico_time/time.c.o
                0x1000183c                alarm_pool_core_num
 .text.best_effort_wfe_or_timeout
                0x10001840       0xe0 CMakeFiles/pico_control.dir/home/pi/pico-sdk/src/common/pico_time/time.c.o
                0x10001840                best_effort_wfe_or_timeout
 .text.timer_hardware_alarm_claim
                0x10001920       0x14 CMakeFiles/pico_control.dir/home/pi/pico-sdk/src/rp2_common/hardware_timer/timer.c.o
                0x10001920                timer_hardware_alarm_claim
 .text.timer_time_us_64
                0x10001934       0x10 CMakeFiles/pico_control.dir/home/pi/pico-sdk/src/rp2_common/hardware_timer/timer.c.o
                0x10001934                timer_time_us_64
 .text.time_us_64
                0x10001944       0x14 CMakeFiles/pico_control.dir/home/pi/pico-sdk/src/rp2_common/hardware_timer/timer.c.o
                0x10001944                time_us_64
 .text.busy_wait_us
                0x10001958       0x68 CMakeFiles/pico_control.dir/home/pi/pico-sdk/src/rp2_common/hardware_timer/timer.c.o
                0x10001958                busy_wait_us
 .text.clock_configure_int_divider
                0x100019c0       0xf4 CMakeFiles/pico_control.dir/home/pi/pico-sdk/src/rp2_common/hardware_clocks/clocks.c.o
                0x100019c0                clock_configure_int_divider
 .text.clock_configure_undivided
                0x10001ab4       0xe8 CMakeFiles/pico_control.dir/home/pi/pico-sdk/src/rp2_common/hardware_clocks/clocks.c.o
                0x10001ab4                clock_configure_undivided
 .text.clock_get_hz
                0x10001b9c        0xc CMakeFiles/pico_control.dir/home/pi/pico-sdk/src/rp2_common/hardware_clocks/clocks.c.o
                0x10001b9c                clock_get_hz
 .text.pll_init
                0x10001ba8       0xa0 CMakeFiles/pico_control.dir/home/pi/pico-sdk/src/rp2_common/hardware_pll/pll.c.o
                0x10001ba8                pll_init
 .text.watchdog_reboot
                0x10001c48       0x9c CMakeFiles/pico_control.dir/home/pi/pico-sdk/src/rp2_common/hardware_watchdog/watchdog.c.o
                0x10001c48                watchdog_reboot
 .text.tick_start
                0x10001ce4       0x10 CMakeFiles/pico_control.dir/home/pi/pico-sdk/src/rp2_common/hardware_ticks/ticks.c.o
                0x10001ce4                tick_start
 .text.rom_func_lookup
                0x10001cf4       0x10 CMakeFiles/pico_control.dir/home/pi/pico-sdk/src/rp2_common/pico_bootrom/bootrom.c.o
                0x10001cf4                rom_func_lookup
 .text.rom_data_lookup
                0x10001d04       0x10 CMakeFiles/pico_control.dir/home/pi/pico-sdk/src/rp2_common/pico_bootrom/bootrom.c.o
                0x10001d04                rom_data_lookup
 .text.rom_funcs_lookup
                0x10001d14       0x44 CMakeFiles/pico_control.dir/home/pi/pico-sdk/src/rp2_common/pico_bootrom/bootrom.c.o
                0x10001d14                rom_funcs_lookup
 .text.rom_reset_usb_boot_extra
                0x10001d58       0x28 CMakeFiles/pico_control.dir/home/pi/pico-sdk/src/rp2_common/pico_bootrom/bootrom.c.o
                0x10001d58                rom_reset_usb_boot_extra
 .text.xosc_init
                0x10001d80       0x28 CMakeFiles/pico_control.dir/home/pi/pico-sdk/src/rp2_common/hardware_xosc/xosc.c.o
                0x10001d80                xosc_init
 .text.first_per_core_initializer
                0x10001da8        0x4 CMakeFiles/pico_control.dir/home/pi/pico-sdk/src/rp2_common/pico_runtime/runtime.c.o
 .text.hard_assertion_failure
                0x10001dac        0xc CMakeFiles/pico_control.dir/home/pi/pico-sdk/src/rp2_common/pico_runtime/runtime.c.o
                0x10001dac                hard_assertion_failure
 .text.runtime_run_initializers
                0x10001db8       0x28 CMakeFiles/pico_control.dir/home/pi/pico-sdk/src/rp2_common/pico_runtime/runtime.c.o
                0x10001db8                runtime_run_initializers
 .text.runtime_init_early_resets
                0x10001de0       0x2c CMakeFiles/pico_control.dir/home/pi/pico-sdk/src/rp2_common/pico_runtime_init/runtime_init.c.o
                0x10001de0                runtime_init_early_resets
 .text.runtime_init_usb_power_down
                0x10001e0c       0x1c CMakeFiles/pico_control.dir/home/pi/pico-sdk/src/rp2_common/pico_runtime_init/runtime_init.c.o
                0x10001e0c                runtime_init_usb_power_down
 .text.runtime_init_post_clock_resets
                0x10001e28       0x20 CMakeFiles/pico_control.dir/home/pi/pico-sdk/src/rp2_common/pico_runtime_init/runtime_init.c.o
                0x10001e28                runtime_init_post_clock_resets
 .text.runtime_init_rp2040_gpio_ie_disable
                0x10001e48       0x14 CMakeFiles/pico_control.dir/home/pi/pico-sdk/src/rp2_common/pico_runtime_init/runtime_init.c.o
                0x10001e48                runtime_init_rp2040_gpio_ie_disable
 .text.runtime_init_spin_locks_reset
                0x10001e5c        0x8 CMakeFiles/pico_control.dir/home/pi/pico-sdk/src/rp2_common/pico_runtime_init/runtime_init.c.o
                0x10001e5c                runtime_init_spin_locks_reset
 .text.runtime_init_install_ram_vector_table
                0x10001e64       0x1c CMakeFiles/pico_control.dir/home/pi/pico-sdk/src/rp2_common/pico_runtime_init/runtime_init.c.o
                0x10001e64                runtime_init_install_ram_vector_table
 .text.runtime_init_clocks
                0x10001e80       0xd8 CMakeFiles/pico_control.dir/home/pi/pico-sdk/src/rp2_common/pico_runtime_init/runtime_init_clocks.c.o
                0x10001e80                runtime_init_clocks
 .text          0x10001f58       0x10 CMakeFiles/pico_control.dir/home/pi/pico-sdk/src/rp2_common/pico_bit_ops/bit_ops_aeabi.S.o
 .text.__wrap___aeabi_idiv
                0x10001f68       0x50 CMakeFiles/pico_control.dir/home/pi/pico-sdk/src/rp2_common/pico_divider/divider_hardware.S.o
                0x10001f68                __wrap___aeabi_idivmod
                0x10001f68                divmod_s32s32
                0x10001f68                div_s32s32
                0x10001f68                __wrap___aeabi_idiv
                0x10001f70                divmod_s32s32_unsafe
                0x10001f9c                divmod_s32s32_savestate
 .text.__wrap___aeabi_uidiv
                0x10001fb8       0x4c CMakeFiles/pico_control.dir/home/pi/pico-sdk/src/rp2_common/pico_divider/divider_hardware.S.o
                0x10001fb8                __wrap___aeabi_uidiv
                0x10001fb8                __wrap___aeabi_uidivmod
                0x10001fb8                div_u32u32
                0x10001fb8                divmod_u32u32
                0x10001fc0                divmod_u32u32_unsafe
                0x10001fe8                divmod_u32u32_savestate
 .text.__wrap___aeabi_ldiv
                0x10002004      0x424 CMakeFiles/pico_control.dir/home/pi/pico-sdk/src/rp2_common/pico_divider/divider_hardware.S.o
                0x10002004                div_s64s64
                0x10002004                divmod_s64s64
                0x10002004                __wrap___aeabi_ldivmod
                0x10002034                div_u64u64
                0x10002034                divmod_u64u64
                0x10002034                __wrap___aeabi_uldivmod
                0x10002044                divmod_u64u64_savestate
                0x10002064                divmod_s64s64_unsafe
                0x100020ec                divmod_u64u64_unsafe
 .text.__wrap___aeabi_darithmetic
                0x10002428       0x80 CMakeFiles/pico_control.dir/home/pi/pico-sdk/src/rp2_common/pico_double/double_aeabi_rp2040.S.o
                0x10002428                __wrap___aeabi_drsub
                0x1000242e                __wrap___aeabi_dsub
                0x10002440                __wrap___aeabi_dadd
                0x10002452                __wrap___aeabi_ddiv
                0x1000248e                __wrap___aeabi_dmul
 .text.__wrap___aeabi_cdcmple
                0x100024a8       0x6c CMakeFiles/pico_control.dir/home/pi/pico-sdk/src/rp2_common/pico_double/double_aeabi_rp2040.S.o
                0x100024a8                __wrap___aeabi_cdrcmple
                0x100024b8                __wrap___aeabi_cdcmple
                0x100024b8                __wrap___aeabi_cdcmpeq
 .text.__wrap___aeabi_dcmplt
                0x10002514        0xc CMakeFiles/pico_control.dir/home/pi/pico-sdk/src/rp2_common/pico_double/double_aeabi_rp2040.S.o
                0x10002514                __wrap___aeabi_dcmplt
 .text.__wrap___aeabi_dcmpge
                0x10002520       0x10 CMakeFiles/pico_control.dir/home/pi/pico-sdk/src/rp2_common/pico_double/double_aeabi_rp2040.S.o
                0x10002520                __wrap___aeabi_dcmpge
 .text.__wrap___aeabi_dcmpgt
                0x10002530        0xa CMakeFiles/pico_control.dir/home/pi/pico-sdk/src/rp2_common/pico_double/double_aeabi_rp2040.S.o
                0x10002530                __wrap___aeabi_dcmpgt
 .text.__wrap___aeabi_dcmpun
                0x1000253a       0x18 CMakeFiles/pico_control.dir/home/pi/pico-sdk/src/rp2_common/pico_double/double_aeabi_rp2040.S.o
                0x1000253a                __wrap___aeabi_dcmpun
 *fill*         0x10002552        0x2 
 .text.__wrap___aeabi_i2d
                0x10002554       0x38 CMakeFiles/pico_control.dir/home/pi/pico-sdk/src/rp2_common/pico_double/double_aeabi_rp2040.S.o
                0x10002554                __wrap___aeabi_ui2d
                0x1000255c                __wrap___aeabi_i2d
 .text.__wrap___aeabi_d2iz
                0x1000258c       0x48 CMakeFiles/pico_control.dir/home/pi/pico-sdk/src/rp2_common/pico_double/double_aeabi_rp2040.S.o
                0x1000258c                __wrap___aeabi_d2iz
                0x1000258c                double2int_z
 .text.__wrap___aeabi_d2uiz
                0x100025d4       0x18 CMakeFiles/pico_control.dir/home/pi/pico-sdk/src/rp2_common/pico_double/double_aeabi_rp2040.S.o
                0x100025d4                double2uint
                0x100025d4                __wrap___aeabi_d2uiz
 .text.__wrap___aeabi_d2f
                0x100025ec       0x18 CMakeFiles/pico_control.dir/home/pi/pico-sdk/src/rp2_common/pico_double/double_aeabi_rp2040.S.o
                0x100025ec                __wrap___aeabi_d2f
 .text.__aeabi_double_init
                0x10002604       0xa4 CMakeFiles/pico_control.dir/home/pi/pico-sdk/src/rp2_common/pico_double/double_init_rom_rp2040.c.o
                0x10002604                __aeabi_double_init
 .text.double_table_shim_on_use_helper
                0x100026a8       0x2c CMakeFiles/pico_control.dir/home/pi/pico-sdk/src/rp2_common/pico_double/double_v1_rom_shim_rp2040.S.o
                0x100026a8                double_table_shim_on_use_helper
 .text.__wrap___aeabi_dsub
                0x100026d4       0x10 CMakeFiles/pico_control.dir/home/pi/pico-sdk/src/rp2_common/pico_double/double_v1_rom_shim_rp2040.S.o
                0x100026d4                drsub_shim
                0x100026da                dsub_shim
 .text.dadd_shim
                0x100026e4      0x15c CMakeFiles/pico_control.dir/home/pi/pico-sdk/src/rp2_common/pico_double/double_v1_rom_shim_rp2040.S.o
                0x100026e4                dadd_shim
 .text.dmul_shim
                0x10002840      0x15c CMakeFiles/pico_control.dir/home/pi/pico-sdk/src/rp2_common/pico_double/double_v1_rom_shim_rp2040.S.o
                0x10002840                dmul_shim
 .text.ddiv_shim
                0x1000299c      0x1b0 CMakeFiles/pico_control.dir/home/pi/pico-sdk/src/rp2_common/pico_double/double_v1_rom_shim_rp2040.S.o
                0x1000299c                ddiv_shim
 .text.double2uint_shim
                0x10002b4c        0xe CMakeFiles/pico_control.dir/home/pi/pico-sdk/src/rp2_common/pico_double/double_v1_rom_shim_rp2040.S.o
                0x10002b4c                double2uint_shim
                0x10002b4e                double2ufix_shim
 *fill*         0x10002b5a        0x2 
 .text.double2uint64_shim
                0x10002b5c       0x70 CMakeFiles/pico_control.dir/home/pi/pico-sdk/src/rp2_common/pico_double/double_v1_rom_shim_rp2040.S.o
                0x10002b5c                double2uint64_shim
                0x10002b5e                double2ufix64_shim
                0x10002b7e                d2fix_a
 .text.double2float_shim
                0x10002bcc       0x5c CMakeFiles/pico_control.dir/home/pi/pico-sdk/src/rp2_common/pico_double/double_v1_rom_shim_rp2040.S.o
                0x10002bcc                double2float_shim
 .text.dunpacks
                0x10002c28       0x3c CMakeFiles/pico_control.dir/home/pi/pico-sdk/src/rp2_common/pico_double/double_v1_rom_shim_rp2040.S.o
                0x10002c28                dunpacks
 .text.__aeabi_lmul
                0x10002c64       0x32 CMakeFiles/pico_control.dir/home/pi/pico-sdk/src/rp2_common/pico_int64_ops/pico_int64_ops_aeabi.S.o
                0x10002c64                __wrap___aeabi_lmul
 *fill*         0x10002c96        0x2 
 .text.__wrap___aeabi_farithmetic
                0x10002c98       0x48 CMakeFiles/pico_control.dir/home/pi/pico-sdk/src/rp2_common/pico_float/float_aeabi_rp2040.S.o
                0x10002c98                __wrap___aeabi_frsub
                0x10002c9e                __wrap___aeabi_fsub
                0x10002ca4                __wrap___aeabi_fadd
                0x10002caa                __wrap___aeabi_fdiv
                0x10002cd2                __wrap___aeabi_fmul
 .text.__wrap___aeabi_cfcmple
                0x10002ce0       0x50 CMakeFiles/pico_control.dir/home/pi/pico-sdk/src/rp2_common/pico_float/float_aeabi_rp2040.S.o
                0x10002ce0                __wrap___aeabi_cfrcmple
                0x10002cec                __wrap___aeabi_cfcmpeq
                0x10002cec                __wrap___aeabi_cfcmple
 .text.__wrap___aeabi_fcmplt
                0x10002d30        0xc CMakeFiles/pico_control.dir/home/pi/pico-sdk/src/rp2_common/pico_float/float_aeabi_rp2040.S.o
                0x10002d30                __wrap___aeabi_fcmplt
 .text.__wrap___aeabi_fcmpgt
                0x10002d3c        0xa CMakeFiles/pico_control.dir/home/pi/pico-sdk/src/rp2_common/pico_float/float_aeabi_rp2040.S.o
                0x10002d3c                __wrap___aeabi_fcmpgt
 .text.__wrap___aeabi_ui2f
                0x10002d46        0xa CMakeFiles/pico_control.dir/home/pi/pico-sdk/src/rp2_common/pico_float/float_aeabi_rp2040.S.o
                0x10002d46                uint2float
                0x10002d46                __wrap___aeabi_ui2f
 .text.__wrap___aeabi_i2f
                0x10002d50       0x44 CMakeFiles/pico_control.dir/home/pi/pico-sdk/src/rp2_common/pico_float/float_aeabi_rp2040.S.o
                0x10002d50                int2float
                0x10002d50                __wrap___aeabi_i2f
 .text.__wrap___aeabi_f2iz
                0x10002d94       0x4e CMakeFiles/pico_control.dir/home/pi/pico-sdk/src/rp2_common/pico_float/float_aeabi_rp2040.S.o
                0x10002d94                __wrap___aeabi_f2iz
                0x10002d94                float2int_z
 *fill*         0x10002de2        0x2 
 .text.float2int
                0x10002de4       0x14 CMakeFiles/pico_control.dir/home/pi/pico-sdk/src/rp2_common/pico_float/float_aeabi_rp2040.S.o
                0x10002de4                float2int
 .text.__wrap___aeabi_f2uiz
                0x10002df8        0xc CMakeFiles/pico_control.dir/home/pi/pico-sdk/src/rp2_common/pico_float/float_aeabi_rp2040.S.o
                0x10002df8                float2uint_z
                0x10002df8                __wrap___aeabi_f2uiz
 .text.__wrap___aeabi_l2f
                0x10002e04       0x20 CMakeFiles/pico_control.dir/home/pi/pico-sdk/src/rp2_common/pico_float/float_aeabi_rp2040.S.o
                0x10002e08                int642float
                0x10002e08                __wrap___aeabi_l2f
 .text.__wrap___aeabi_f2d
                0x10002e24       0x14 CMakeFiles/pico_control.dir/home/pi/pico-sdk/src/rp2_common/pico_float/float_aeabi_rp2040.S.o
                0x10002e24                __wrap___aeabi_f2d
 .text.__aeabi_float_init
                0x10002e38       0x64 CMakeFiles/pico_control.dir/home/pi/pico-sdk/src/rp2_common/pico_float/float_init_rom_rp2040.c.o
                0x10002e38                __aeabi_float_init
 .text.float_table_shim_on_use_helper
                0x10002e9c       0x2c CMakeFiles/pico_control.dir/home/pi/pico-sdk/src/rp2_common/pico_float/float_v1_rom_shim_rp2040.S.o
                0x10002e9c                float_table_shim_on_use_helper
 .text.642float_shims
                0x10002ec8       0x44 CMakeFiles/pico_control.dir/home/pi/pico-sdk/src/rp2_common/pico_float/float_v1_rom_shim_rp2040.S.o
                0x10002ec8                uint642float_shim
                0x10002eca                ufix642float_shim
                0x10002eda                int642float_shim
                0x10002edc                fix642float_shim
 .text.float232_shims
                0x10002f0c       0x18 CMakeFiles/pico_control.dir/home/pi/pico-sdk/src/rp2_common/pico_float/float_v1_rom_shim_rp2040.S.o
                0x10002f0c                float2int_shim
                0x10002f0e                float2fix_shim
 .text.float2double_shim
                0x10002f24       0x30 CMakeFiles/pico_control.dir/home/pi/pico-sdk/src/rp2_common/pico_float/float_v1_rom_shim_rp2040.S.o
                0x10002f24                float2double_shim
 .text.__wrap_malloc
                0x10002f54       0x24 CMakeFiles/pico_control.dir/home/pi/pico-sdk/src/rp2_common/pico_malloc/malloc.c.o
                0x10002f54                __wrap_malloc
 .text.__wrap_calloc
                0x10002f78       0x28 CMakeFiles/pico_control.dir/home/pi/pico-sdk/src/rp2_common/pico_malloc/malloc.c.o
                0x10002f78                __wrap_calloc
 .text.__wrap_realloc
                0x10002fa0       0x24 CMakeFiles/pico_control.dir/home/pi/pico-sdk/src/rp2_common/pico_malloc/malloc.c.o
                0x10002fa0                __wrap_realloc
 .text.__wrap_free
                0x10002fc4        0x8 CMakeFiles/pico_control.dir/home/pi/pico-sdk/src/rp2_common/pico_malloc/malloc.c.o
                0x10002fc4                __wrap_free
 .text          0x10002fcc       0x10 CMakeFiles/pico_control.dir/home/pi/pico-sdk/src/rp2_common/pico_mem_ops/mem_ops_aeabi.S.o
                0x10002fcc                __aeabi_mem_init
 .text.memset   0x10002fdc        0xc CMakeFiles/pico_control.dir/home/pi/pico-sdk/src/rp2_common/pico_mem_ops/mem_ops_aeabi.S.o
                0x10002fdc                __wrap_memset
 .text.memcpy   0x10002fe8        0xc CMakeFiles/pico_control.dir/home/pi/pico-sdk/src/rp2_common/pico_mem_ops/mem_ops_aeabi.S.o
                0x10002fe8                __wrap___aeabi_memcpy
                0x10002fe8                __wrap_memcpy
 .text.__atomic_load_8
                0x10002ff4       0x28 CMakeFiles/pico_control.dir/home/pi/pico-sdk/src/rp2_common/pico_atomic/atomic.c.o
                0x10002ff4                __atomic_load_8
 .text.__atomic_store_8
                0x1000301c       0x30 CMakeFiles/pico_control.dir/home/pi/pico-sdk/src/rp2_common/pico_atomic/atomic.c.o
                0x1000301c                __atomic_store_8
 .text.__atomic_exchange_8
                0x1000304c       0x38 CMakeFiles/pico_control.dir/home/pi/pico-sdk/src/rp2_common/pico_atomic/atomic.c.o
                0x1000304c                __atomic_exchange_8
 .text._Znwj    0x10003084        0x8 CMakeFiles/pico_control.dir/home/pi/pico-sdk/src/rp2_common/pico_cxx_options/new_delete.cpp.o
                0x10003084                operator new(unsigned int)
 .text._out_buffer
                0x1000308c        0x8 CMakeFiles/pico_control.dir/home/pi/pico-sdk/src/rp2_common/pico_printf/printf.c.o
 .text._out_null
                0x10003094        0x4 CMakeFiles/pico_control.dir/home/pi/pico-sdk/src/rp2_common/pico_printf/printf.c.o
 .text._out_rev
                0x10003098       0x90 CMakeFiles/pico_control.dir/home/pi/pico-sdk/src/rp2_common/pico_printf/printf.c.o
 .text._ntoa_format
                0x10003128      0x1f4 CMakeFiles/pico_control.dir/home/pi/pico-sdk/src/rp2_common/pico_printf/printf.c.o
 .text._out_char
                0x1000331c       0x10 CMakeFiles/pico_control.dir/home/pi/pico-sdk/src/rp2_common/pico_printf/printf.c.o
 .text._etoa    0x1000332c      0x454 CMakeFiles/pico_control.dir/home/pi/pico-sdk/src/rp2_common/pico_printf/printf.c.o
 .text._ftoa    0x10003780      0x3c4 CMakeFiles/pico_control.dir/home/pi/pico-sdk/src/rp2_common/pico_printf/printf.c.o
 .text._vsnprintf
                0x10003b44      0xb24 CMakeFiles/pico_control.dir/home/pi/pico-sdk/src/rp2_common/pico_printf/printf.c.o
 .text.__wrap_snprintf
                0x10004668       0x28 CMakeFiles/pico_control.dir/home/pi/pico-sdk/src/rp2_common/pico_printf/printf.c.o
                0x10004668                __wrap_snprintf
 .text.__wrap_vsnprintf
                0x10004690       0x1c CMakeFiles/pico_control.dir/home/pi/pico-sdk/src/rp2_common/pico_printf/printf.c.o
                0x10004690                __wrap_vsnprintf
 .text.weak_raw_vprintf
                0x100046ac       0x30 CMakeFiles/pico_control.dir/home/pi/pico-sdk/src/rp2_common/pico_printf/printf.c.o
                0x100046ac                weak_raw_vprintf
 .text._exit    0x100046dc        0x4 CMakeFiles/pico_control.dir/home/pi/pico-sdk/src/rp2_common/pico_clib_interface/newlib_interface.c.o
                0x100046dc                _exit
 .text._sbrk    0x100046e0       0x34 CMakeFiles/pico_control.dir/home/pi/pico-sdk/src/rp2_common/pico_clib_interface/newlib_interface.c.o
                0x100046e0                _sbrk
 .text.exit     0x10004714        0x8 CMakeFiles/pico_control.dir/home/pi/pico-sdk/src/rp2_common/pico_clib_interface/newlib_interface.c.o
                0x10004714                exit
 .text.runtime_init
                0x1000471c       0x2c CMakeFiles/pico_control.dir/home/pi/pico-sdk/src/rp2_common/pico_clib_interface/newlib_interface.c.o
                0x1000471c                runtime_init
 .text.stdio_out_chars_no_crlf
                0x10004748       0x10 CMakeFiles/pico_control.dir/home/pi/pico-sdk/src/rp2_common/pico_stdio/stdio.c.o
 .text.stdio_out_chars_crlf
                0x10004758       0x10 CMakeFiles/pico_control.dir/home/pi/pico-sdk/src/rp2_common/pico_stdio/stdio.c.o
 .text.stdio_put_string
                0x10004768      0x100 CMakeFiles/pico_control.dir/home/pi/pico-sdk/src/rp2_common/pico_stdio/stdio.c.o
                0x10004768                stdio_put_string
 .text.stdio_set_driver_enabled
                0x10004868       0x30 CMakeFiles/pico_control.dir/home/pi/pico-sdk/src/rp2_common/pico_stdio/stdio.c.o
                0x10004868                stdio_set_driver_enabled
 .text.stdio_init_all
                0x10004898        0x8 CMakeFiles/pico_control.dir/home/pi/pico-sdk/src/rp2_common/pico_stdio/stdio.c.o
                0x10004898                stdio_init_all
 .text.stdio_getchar_timeout_us
                0x100048a0       0x98 CMakeFiles/pico_control.dir/home/pi/pico-sdk/src/rp2_common/pico_stdio/stdio.c.o
                0x100048a0                stdio_getchar_timeout_us
 .text.__wrap_putchar
                0x10004938       0x98 CMakeFiles/pico_control.dir/home/pi/pico-sdk/src/rp2_common/pico_stdio/stdio.c.o
                0x10004938                stdio_putchar
                0x10004938                __wrap_putchar
 .text.__wrap_puts
                0x100049d0       0x3c CMakeFiles/pico_control.dir/home/pi/pico-sdk/src/rp2_common/pico_stdio/stdio.c.o
                0x100049d0                __wrap_puts
                0x100049d0                stdio_puts
 .text.resetd_init
                0x10004a0c        0x4 CMakeFiles/pico_control.dir/home/pi/pico-sdk/src/rp2_common/pico_stdio_usb/reset_interface.c.o
 .text.resetd_reset
                0x10004a10        0xc CMakeFiles/pico_control.dir/home/pi/pico-sdk/src/rp2_common/pico_stdio_usb/reset_interface.c.o
 .text.resetd_open
                0x10004a1c       0x28 CMakeFiles/pico_control.dir/home/pi/pico-sdk/src/rp2_common/pico_stdio_usb/reset_interface.c.o
 .text.resetd_xfer_cb
                0x10004a44        0x4 CMakeFiles/pico_control.dir/home/pi/pico-sdk/src/rp2_common/pico_stdio_usb/reset_interface.c.o
 .text.resetd_control_xfer_cb
                0x10004a48       0x5c CMakeFiles/pico_control.dir/home/pi/pico-sdk/src/rp2_common/pico_stdio_usb/reset_interface.c.o
 .text.tud_descriptor_bos_cb
                0x10004aa4        0x8 CMakeFiles/pico_control.dir/home/pi/pico-sdk/src/rp2_common/pico_stdio_usb/reset_interface.c.o
                0x10004aa4                tud_descriptor_bos_cb
 .text.tud_vendor_control_xfer_cb
                0x10004aac       0x34 CMakeFiles/pico_control.dir/home/pi/pico-sdk/src/rp2_common/pico_stdio_usb/reset_interface.c.o
                0x10004aac                tud_vendor_control_xfer_cb
 .text.usbd_app_driver_get_cb
                0x10004ae0        0xc CMakeFiles/pico_control.dir/home/pi/pico-sdk/src/rp2_common/pico_stdio_usb/reset_interface.c.o
                0x10004ae0                usbd_app_driver_get_cb
 .text.tud_cdc_line_coding_cb
                0x10004aec       0x2c CMakeFiles/pico_control.dir/home/pi/pico-sdk/src/rp2_common/pico_stdio_usb/reset_interface.c.o
                0x10004aec                tud_cdc_line_coding_cb
 .text.stdio_usb_set_chars_available_callback
                0x10004b18       0x14 CMakeFiles/pico_control.dir/home/pi/pico-sdk/src/rp2_common/pico_stdio_usb/stdio_usb.c.o
                0x10004b18                stdio_usb_set_chars_available_callback
 .text.usb_irq  0x10004b2c       0x10 CMakeFiles/pico_control.dir/home/pi/pico-sdk/src/rp2_common/pico_stdio_usb/stdio_usb.c.o
 .text.timer_task
                0x10004b3c       0x64 CMakeFiles/pico_control.dir/home/pi/pico-sdk/src/rp2_common/pico_stdio_usb/stdio_usb.c.o
 .text.stdio_usb_in_chars
                0x10004ba0       0x90 CMakeFiles/pico_control.dir/home/pi/pico-sdk/src/rp2_common/pico_stdio_usb/stdio_usb.c.o
                0x10004ba0                stdio_usb_in_chars
 .text.stdio_usb_out_flush
                0x10004c30       0x50 CMakeFiles/pico_control.dir/home/pi/pico-sdk/src/rp2_common/pico_stdio_usb/stdio_usb.c.o
 .text.stdio_usb_out_chars
                0x10004c80      0x104 CMakeFiles/pico_control.dir/home/pi/pico-sdk/src/rp2_common/pico_stdio_usb/stdio_usb.c.o
 .text.low_priority_worker_irq
                0x10004d84       0xcc CMakeFiles/pico_control.dir/home/pi/pico-sdk/src/rp2_common/pico_stdio_usb/stdio_usb.c.o
 .text.stdio_usb_init
                0x10004e50       0xe8 CMakeFiles/pico_control.dir/home/pi/pico-sdk/src/rp2_common/pico_stdio_usb/stdio_usb.c.o
                0x10004e50                stdio_usb_init
 .text.tud_descriptor_device_cb
                0x10004f38        0x8 CMakeFiles/pico_control.dir/home/pi/pico-sdk/src/rp2_common/pico_stdio_usb/stdio_usb_descriptors.c.o
                0x10004f38                tud_descriptor_device_cb
 .text.tud_descriptor_configuration_cb
                0x10004f40        0x8 CMakeFiles/pico_control.dir/home/pi/pico-sdk/src/rp2_common/pico_stdio_usb/stdio_usb_descriptors.c.o
                0x10004f40                tud_descriptor_configuration_cb
 .text.tud_descriptor_string_cb
                0x10004f48       0x78 CMakeFiles/pico_control.dir/home/pi/pico-sdk/src/rp2_common/pico_stdio_usb/stdio_usb_descriptors.c.o
                0x10004f48                tud_descriptor_string_cb
 .text.startup._retrieve_unique_id_on_boot
                0x10004fc0       0x10 CMakeFiles/pico_control.dir/home/pi/pico-sdk/src/rp2_common/pico_unique_id/unique_id.c.o
 .text.pico_get_unique_board_id_string
                0x10004fd0      0x1a8 CMakeFiles/pico_control.dir/home/pi/pico-sdk/src/rp2_common/pico_unique_id/unique_id.c.o
                0x10004fd0                pico_get_unique_board_id_string
 .text.flash_get_unique_id
                0x10005178       0x40 CMakeFiles/pico_control.dir/home/pi/pico-sdk/src/rp2_common/hardware_flash/flash.c.o
                0x10005178                flash_get_unique_id
 .text.dcd_init
                0x100051b8       0x8c CMakeFiles/pico_control.dir/home/pi/pico-sdk/lib/tinyusb/src/portable/raspberrypi/rp2040/dcd_rp2040.c.o
                0x100051b8                dcd_init
 .text.dcd_int_enable
                0x10005244        0xc CMakeFiles/pico_control.dir/home/pi/pico-sdk/lib/tinyusb/src/portable/raspberrypi/rp2040/dcd_rp2040.c.o
                0x10005244                dcd_int_enable
 .text.dcd_set_address
                0x10005250       0x14 CMakeFiles/pico_control.dir/home/pi/pico-sdk/lib/tinyusb/src/portable/raspberrypi/rp2040/dcd_rp2040.c.o
                0x10005250                dcd_set_address
 .text.dcd_sof_enable
                0x10005264       0x1c CMakeFiles/pico_control.dir/home/pi/pico-sdk/lib/tinyusb/src/portable/raspberrypi/rp2040/dcd_rp2040.c.o
                0x10005264                dcd_sof_enable
 .text.dcd_edpt0_status_complete
                0x10005280       0x1c CMakeFiles/pico_control.dir/home/pi/pico-sdk/lib/tinyusb/src/portable/raspberrypi/rp2040/dcd_rp2040.c.o
                0x10005280                dcd_edpt0_status_complete
 .text.dcd_edpt_open
                0x1000529c      0x108 CMakeFiles/pico_control.dir/home/pi/pico-sdk/lib/tinyusb/src/portable/raspberrypi/rp2040/dcd_rp2040.c.o
                0x1000529c                dcd_edpt_open
 .text.dcd_edpt_close_all
                0x100053a4        0x8 CMakeFiles/pico_control.dir/home/pi/pico-sdk/lib/tinyusb/src/portable/raspberrypi/rp2040/dcd_rp2040.c.o
                0x100053a4                dcd_edpt_close_all
 .text.dcd_edpt_xfer
                0x100053ac       0x24 CMakeFiles/pico_control.dir/home/pi/pico-sdk/lib/tinyusb/src/portable/raspberrypi/rp2040/dcd_rp2040.c.o
                0x100053ac                dcd_edpt_xfer
 .text.dcd_edpt_stall
                0x100053d0       0x38 CMakeFiles/pico_control.dir/home/pi/pico-sdk/lib/tinyusb/src/portable/raspberrypi/rp2040/dcd_rp2040.c.o
                0x100053d0                dcd_edpt_stall
 .text.dcd_edpt_clear_stall
                0x10005408       0x30 CMakeFiles/pico_control.dir/home/pi/pico-sdk/lib/tinyusb/src/portable/raspberrypi/rp2040/dcd_rp2040.c.o
                0x10005408                dcd_edpt_clear_stall
 .text.rp2040_usb_init
                0x10005438       0x40 CMakeFiles/pico_control.dir/home/pi/pico-sdk/lib/tinyusb/src/portable/raspberrypi/rp2040/rp2040_usb.c.o
                0x10005438                rp2040_usb_init
 .text.hw_endpoint_xfer_start
                0x10005478       0x40 CMakeFiles/pico_control.dir/home/pi/pico-sdk/lib/tinyusb/src/portable/raspberrypi/rp2040/rp2040_usb.c.o
                0x10005478                hw_endpoint_xfer_start
 .text.tud_event_hook_cb
                0x100054b8        0x4 CMakeFiles/pico_control.dir/home/pi/pico-sdk/lib/tinyusb/src/device/usbd.c.o
                0x100054b8                tud_event_hook_cb
 .text.tud_sof_cb
                0x100054bc        0x4 CMakeFiles/pico_control.dir/home/pi/pico-sdk/lib/tinyusb/src/device/usbd.c.o
                0x100054bc                tud_sof_cb
 .text.tud_descriptor_device_qualifier_cb
                0x100054c0        0x4 CMakeFiles/pico_control.dir/home/pi/pico-sdk/lib/tinyusb/src/device/usbd.c.o
                0x100054c0                tud_descriptor_device_qualifier_cb
 .text.tud_descriptor_other_speed_configuration_cb
                0x100054c4        0x4 CMakeFiles/pico_control.dir/home/pi/pico-sdk/lib/tinyusb/src/device/usbd.c.o
                0x100054c4                tud_descriptor_other_speed_configuration_cb
 .text.tud_mount_cb
                0x100054c8        0x4 CMakeFiles/pico_control.dir/home/pi/pico-sdk/lib/tinyusb/src/device/usbd.c.o
                0x100054c8                tud_mount_cb
 .text.tud_umount_cb
                0x100054cc        0x4 CMakeFiles/pico_control.dir/home/pi/pico-sdk/lib/tinyusb/src/device/usbd.c.o
                0x100054cc                tud_umount_cb
 .text.tud_suspend_cb
                0x100054d0        0x4 CMakeFiles/pico_control.dir/home/pi/pico-sdk/lib/tinyusb/src/device/usbd.c.o
                0x100054d0                tud_suspend_cb
 .text.tud_resume_cb
                0x100054d4        0x4 CMakeFiles/pico_control.dir/home/pi/pico-sdk/lib/tinyusb/src/device/usbd.c.o
                0x100054d4                tud_resume_cb
 .text.tud_mounted
                0x100054d8       0x10 CMakeFiles/pico_control.dir/home/pi/pico-sdk/lib/tinyusb/src/device/usbd.c.o
                0x100054d8                tud_mounted
 .text.tud_suspended
                0x100054e8       0x10 CMakeFiles/pico_control.dir/home/pi/pico-sdk/lib/tinyusb/src/device/usbd.c.o
                0x100054e8                tud_suspended
 .text.tud_init
                0x100054f8       0xe4 CMakeFiles/pico_control.dir/home/pi/pico-sdk/lib/tinyusb/src/device/usbd.c.o
                0x100054f8                tud_init
 .text.tud_task_ext
                0x100055dc      0x808 CMakeFiles/pico_control.dir/home/pi/pico-sdk/lib/tinyusb/src/device/usbd.c.o
                0x100055dc                tud_task_ext
 .text.usbd_open_edpt_pair
                0x10005de4       0x9c CMakeFiles/pico_control.dir/home/pi/pico-sdk/lib/tinyusb/src/device/usbd.c.o
                0x10005de4                usbd_open_edpt_pair
 .text.usbd_edpt_open
                0x10005e80       0x34 CMakeFiles/pico_control.dir/home/pi/pico-sdk/lib/tinyusb/src/device/usbd.c.o
                0x10005e80                usbd_edpt_open
 .text.usbd_edpt_claim
                0x10005eb4       0x28 CMakeFiles/pico_control.dir/home/pi/pico-sdk/lib/tinyusb/src/device/usbd.c.o
                0x10005eb4                usbd_edpt_claim
 .text.usbd_edpt_release
                0x10005edc       0x28 CMakeFiles/pico_control.dir/home/pi/pico-sdk/lib/tinyusb/src/device/usbd.c.o
                0x10005edc                usbd_edpt_release
 .text.usbd_edpt_xfer
                0x10005f04       0x4c CMakeFiles/pico_control.dir/home/pi/pico-sdk/lib/tinyusb/src/device/usbd.c.o
                0x10005f04                usbd_edpt_xfer
 .text.tud_control_status
                0x10005f50       0x2c CMakeFiles/pico_control.dir/home/pi/pico-sdk/lib/tinyusb/src/device/usbd_control.c.o
                0x10005f50                tud_control_status
 .text.tud_control_xfer
                0x10005f7c       0xac CMakeFiles/pico_control.dir/home/pi/pico-sdk/lib/tinyusb/src/device/usbd_control.c.o
                0x10005f7c                tud_control_xfer
 .text.usbd_control_reset
                0x10006028       0x14 CMakeFiles/pico_control.dir/home/pi/pico-sdk/lib/tinyusb/src/device/usbd_control.c.o
                0x10006028                usbd_control_reset
 .text.usbd_control_set_complete_callback
                0x1000603c        0xc CMakeFiles/pico_control.dir/home/pi/pico-sdk/lib/tinyusb/src/device/usbd_control.c.o
                0x1000603c                usbd_control_set_complete_callback
 .text.usbd_control_set_request
                0x10006048       0x1c CMakeFiles/pico_control.dir/home/pi/pico-sdk/lib/tinyusb/src/device/usbd_control.c.o
                0x10006048                usbd_control_set_request
 .text.usbd_control_xfer_cb
                0x10006064       0xec CMakeFiles/pico_control.dir/home/pi/pico-sdk/lib/tinyusb/src/device/usbd_control.c.o
                0x10006064                usbd_control_xfer_cb
 .text._prep_out_transaction.isra.0
                0x10006150       0x5c CMakeFiles/pico_control.dir/home/pi/pico-sdk/lib/tinyusb/src/class/cdc/cdc_device.c.o
 .text.tud_cdc_n_connected
                0x100061ac       0x30 CMakeFiles/pico_control.dir/home/pi/pico-sdk/lib/tinyusb/src/class/cdc/cdc_device.c.o
                0x100061ac                tud_cdc_n_connected
 .text.tud_cdc_n_available
                0x100061dc       0x18 CMakeFiles/pico_control.dir/home/pi/pico-sdk/lib/tinyusb/src/class/cdc/cdc_device.c.o
                0x100061dc                tud_cdc_n_available
 .text.tud_cdc_n_read
                0x100061f4       0x98 CMakeFiles/pico_control.dir/home/pi/pico-sdk/lib/tinyusb/src/class/cdc/cdc_device.c.o
                0x100061f4                tud_cdc_n_read
 .text.tud_cdc_n_write_flush
                0x1000628c       0x78 CMakeFiles/pico_control.dir/home/pi/pico-sdk/lib/tinyusb/src/class/cdc/cdc_device.c.o
                0x1000628c                tud_cdc_n_write_flush
 .text.tud_cdc_n_write
                0x10006304       0x40 CMakeFiles/pico_control.dir/home/pi/pico-sdk/lib/tinyusb/src/class/cdc/cdc_device.c.o
                0x10006304                tud_cdc_n_write
 .text.tud_cdc_n_write_available
                0x10006344       0x18 CMakeFiles/pico_control.dir/home/pi/pico-sdk/lib/tinyusb/src/class/cdc/cdc_device.c.o
                0x10006344                tud_cdc_n_write_available
 .text.cdcd_init
                0x1000635c       0x7c CMakeFiles/pico_control.dir/home/pi/pico-sdk/lib/tinyusb/src/class/cdc/cdc_device.c.o
                0x1000635c                cdcd_init
 .text.cdcd_deinit
                0x100063d8       0x30 CMakeFiles/pico_control.dir/home/pi/pico-sdk/lib/tinyusb/src/class/cdc/cdc_device.c.o
                0x100063d8                cdcd_deinit
 .text.cdcd_reset
                0x10006408       0x4c CMakeFiles/pico_control.dir/home/pi/pico-sdk/lib/tinyusb/src/class/cdc/cdc_device.c.o
                0x10006408                cdcd_reset
 .text.cdcd_open
                0x10006454       0xb0 CMakeFiles/pico_control.dir/home/pi/pico-sdk/lib/tinyusb/src/class/cdc/cdc_device.c.o
                0x10006454                cdcd_open
 .text.cdcd_control_xfer_cb
                0x10006504       0xe4 CMakeFiles/pico_control.dir/home/pi/pico-sdk/lib/tinyusb/src/class/cdc/cdc_device.c.o
                0x10006504                cdcd_control_xfer_cb
 .text.cdcd_xfer_cb
                0x100065e8      0x100 CMakeFiles/pico_control.dir/home/pi/pico-sdk/lib/tinyusb/src/class/cdc/cdc_device.c.o
                0x100065e8                cdcd_xfer_cb
 .text.vendord_init
                0x100066e8       0x5c CMakeFiles/pico_control.dir/home/pi/pico-sdk/lib/tinyusb/src/class/vendor/vendor_device.c.o
                0x100066e8                vendord_init
 .text.vendord_deinit
                0x10006744       0x1c CMakeFiles/pico_control.dir/home/pi/pico-sdk/lib/tinyusb/src/class/vendor/vendor_device.c.o
                0x10006744                vendord_deinit
 .text.vendord_reset
                0x10006760       0x20 CMakeFiles/pico_control.dir/home/pi/pico-sdk/lib/tinyusb/src/class/vendor/vendor_device.c.o
                0x10006760                vendord_reset
 .text.vendord_open
                0x10006780      0x138 CMakeFiles/pico_control.dir/home/pi/pico-sdk/lib/tinyusb/src/class/vendor/vendor_device.c.o
                0x10006780                vendord_open
 .text.vendord_xfer_cb
                0x100068b8       0x9c CMakeFiles/pico_control.dir/home/pi/pico-sdk/lib/tinyusb/src/class/vendor/vendor_device.c.o
                0x100068b8                vendord_xfer_cb
 .text.tusb_init
                0x10006954        0xc CMakeFiles/pico_control.dir/home/pi/pico-sdk/lib/tinyusb/src/tusb.c.o
                0x10006954                tusb_init
 .text.tu_edpt_claim
                0x10006960       0x50 CMakeFiles/pico_control.dir/home/pi/pico-sdk/lib/tinyusb/src/tusb.c.o
                0x10006960                tu_edpt_claim
 .text.tu_edpt_release
                0x100069b0       0x38 CMakeFiles/pico_control.dir/home/pi/pico-sdk/lib/tinyusb/src/tusb.c.o
                0x100069b0                tu_edpt_release
 .text.tu_edpt_validate
                0x100069e8       0x7c CMakeFiles/pico_control.dir/home/pi/pico-sdk/lib/tinyusb/src/tusb.c.o
                0x100069e8                tu_edpt_validate
 .text.tu_edpt_bind_driver
                0x10006a64       0x34 CMakeFiles/pico_control.dir/home/pi/pico-sdk/lib/tinyusb/src/tusb.c.o
                0x10006a64                tu_edpt_bind_driver
 .text.tu_edpt_stream_init
                0x10006a98       0x6c CMakeFiles/pico_control.dir/home/pi/pico-sdk/lib/tinyusb/src/tusb.c.o
                0x10006a98                tu_edpt_stream_init
 .text.tu_edpt_stream_deinit
                0x10006b04        0x4 CMakeFiles/pico_control.dir/home/pi/pico-sdk/lib/tinyusb/src/tusb.c.o
                0x10006b04                tu_edpt_stream_deinit
 .text.tu_edpt_stream_write_zlp_if_needed
                0x10006b08       0x68 CMakeFiles/pico_control.dir/home/pi/pico-sdk/lib/tinyusb/src/tusb.c.o
                0x10006b08                tu_edpt_stream_write_zlp_if_needed
 .text.tu_edpt_stream_write_xfer
                0x10006b70       0x64 CMakeFiles/pico_control.dir/home/pi/pico-sdk/lib/tinyusb/src/tusb.c.o
                0x10006b70                tu_edpt_stream_write_xfer
 .text.tu_edpt_stream_read_xfer
                0x10006bd4       0xdc CMakeFiles/pico_control.dir/home/pi/pico-sdk/lib/tinyusb/src/tusb.c.o
                0x10006bd4                tu_edpt_stream_read_xfer
 .text.tu_fifo_config
                0x10006cb0       0x6c CMakeFiles/pico_control.dir/home/pi/pico-sdk/lib/tinyusb/src/common/tusb_fifo.c.o
                0x10006cb0                tu_fifo_config
 .text.tu_fifo_count
                0x10006d1c       0x2c CMakeFiles/pico_control.dir/home/pi/pico-sdk/lib/tinyusb/src/common/tusb_fifo.c.o
                0x10006d1c                tu_fifo_count
 .text.tu_fifo_empty
                0x10006d48       0x10 CMakeFiles/pico_control.dir/home/pi/pico-sdk/lib/tinyusb/src/common/tusb_fifo.c.o
                0x10006d48                tu_fifo_empty
 .text.tu_fifo_remaining
                0x10006d58       0x2c CMakeFiles/pico_control.dir/home/pi/pico-sdk/lib/tinyusb/src/common/tusb_fifo.c.o
                0x10006d58                tu_fifo_remaining
 .text.tu_fifo_read
                0x10006d84       0x9c CMakeFiles/pico_control.dir/home/pi/pico-sdk/lib/tinyusb/src/common/tusb_fifo.c.o
                0x10006d84                tu_fifo_read
 .text.tu_fifo_read_n
                0x10006e20       0xe8 CMakeFiles/pico_control.dir/home/pi/pico-sdk/lib/tinyusb/src/common/tusb_fifo.c.o
                0x10006e20                tu_fifo_read_n
 .text.tu_fifo_write
                0x10006f08       0x88 CMakeFiles/pico_control.dir/home/pi/pico-sdk/lib/tinyusb/src/common/tusb_fifo.c.o
                0x10006f08                tu_fifo_write
 .text.tu_fifo_write_n
                0x10006f90      0x170 CMakeFiles/pico_control.dir/home/pi/pico-sdk/lib/tinyusb/src/common/tusb_fifo.c.o
                0x10006f90                tu_fifo_write_n
 .text.tu_fifo_clear
                0x10007100       0x40 CMakeFiles/pico_control.dir/home/pi/pico-sdk/lib/tinyusb/src/common/tusb_fifo.c.o
                0x10007100                tu_fifo_clear
 .text.tu_fifo_set_overwritable
                0x10007140       0x48 CMakeFiles/pico_control.dir/home/pi/pico-sdk/lib/tinyusb/src/common/tusb_fifo.c.o
                0x10007140                tu_fifo_set_overwritable
 .text.pio_sm_claim
                0x10007188       0x30 CMakeFiles/pico_control.dir/home/pi/pico-sdk/src/rp2_common/hardware_pio/pio.c.o
                0x10007188                pio_sm_claim
 .text.pio_add_program
                0x100071b8      0x104 CMakeFiles/pico_control.dir/home/pi/pico-sdk/src/rp2_common/hardware_pio/pio.c.o
                0x100071b8                pio_add_program
 .text.pio_sm_set_consecutive_pindirs
                0x100072bc       0xb4 CMakeFiles/pico_control.dir/home/pi/pico-sdk/src/rp2_common/hardware_pio/pio.c.o
                0x100072bc                pio_sm_set_consecutive_pindirs
 .text.pio_sm_init
                0x10007370       0x9c CMakeFiles/pico_control.dir/home/pi/pico-sdk/src/rp2_common/hardware_pio/pio.c.o
                0x10007370                pio_sm_init
 .text.rosidl_typesupport_c__get_message_type_support_handle__geometry_msgs__msg__Twist
                0x1000740c       0x1c /home/pi/Documents/Omni_Bot_PI/micro_ros_pi/libmicroros/libmicroros.a(libgeometry_msgs__rosidl_typesupport_c-twist__type_support.cpp.obj)
                0x1000740c                rosidl_typesupport_c__get_message_type_support_handle__geometry_msgs__msg__Twist
 .text.startup._GLOBAL__sub_I_rosidl_typesupport_c__get_message_type_support_handle__geometry_msgs__msg__Twist
                0x10007428       0x14 /home/pi/Documents/Omni_Bot_PI/micro_ros_pi/libmicroros/libmicroros.a(libgeometry_msgs__rosidl_typesupport_c-twist__type_support.cpp.obj)
 .text.rosidl_typesupport_c__get_message_type_support_handle__geometry_msgs__msg__Vector3
                0x1000743c       0x1c /home/pi/Documents/Omni_Bot_PI/micro_ros_pi/libmicroros/libmicroros.a(libgeometry_msgs__rosidl_typesupport_c-vector3__type_support.cpp.obj)
                0x1000743c                rosidl_typesupport_c__get_message_type_support_handle__geometry_msgs__msg__Vector3
 .text.startup._GLOBAL__sub_I_rosidl_typesupport_c__get_message_type_support_handle__geometry_msgs__msg__Vector3
                0x10007458       0x14 /home/pi/Documents/Omni_Bot_PI/micro_ros_pi/libmicroros/libmicroros.a(libgeometry_msgs__rosidl_typesupport_c-vector3__type_support.cpp.obj)
 .text.geometry_msgs__msg__Twist__rosidl_typesupport_introspection_c__Twist_init_function
                0x1000746c        0x8 /home/pi/Documents/Omni_Bot_PI/micro_ros_pi/libmicroros/libmicroros.a(libgeometry_msgs__rosidl_typesupport_introspection_c-twist__type_support.c.obj)
                0x1000746c                geometry_msgs__msg__Twist__rosidl_typesupport_introspection_c__Twist_init_function
 .text.geometry_msgs__msg__Twist__rosidl_typesupport_introspection_c__Twist_fini_function
                0x10007474        0x8 /home/pi/Documents/Omni_Bot_PI/micro_ros_pi/libmicroros/libmicroros.a(libgeometry_msgs__rosidl_typesupport_introspection_c-twist__type_support.c.obj)
                0x10007474                geometry_msgs__msg__Twist__rosidl_typesupport_introspection_c__Twist_fini_function
 .text.rosidl_typesupport_introspection_c__get_message_type_support_handle__geometry_msgs__msg__Twist
                0x1000747c       0x30 /home/pi/Documents/Omni_Bot_PI/micro_ros_pi/libmicroros/libmicroros.a(libgeometry_msgs__rosidl_typesupport_introspection_c-twist__type_support.c.obj)
                0x1000747c                rosidl_typesupport_introspection_c__get_message_type_support_handle__geometry_msgs__msg__Twist
 .text.geometry_msgs__msg__Vector3__rosidl_typesupport_introspection_c__Vector3_init_function
                0x100074ac        0x8 /home/pi/Documents/Omni_Bot_PI/micro_ros_pi/libmicroros/libmicroros.a(libgeometry_msgs__rosidl_typesupport_introspection_c-vector3__type_support.c.obj)
                0x100074ac                geometry_msgs__msg__Vector3__rosidl_typesupport_introspection_c__Vector3_init_function
 .text.geometry_msgs__msg__Vector3__rosidl_typesupport_introspection_c__Vector3_fini_function
                0x100074b4        0x8 /home/pi/Documents/Omni_Bot_PI/micro_ros_pi/libmicroros/libmicroros.a(libgeometry_msgs__rosidl_typesupport_introspection_c-vector3__type_support.c.obj)
                0x100074b4                geometry_msgs__msg__Vector3__rosidl_typesupport_introspection_c__Vector3_fini_function
 .text.rosidl_typesupport_introspection_c__get_message_type_support_handle__geometry_msgs__msg__Vector3
                0x100074bc       0x1c /home/pi/Documents/Omni_Bot_PI/micro_ros_pi/libmicroros/libmicroros.a(libgeometry_msgs__rosidl_typesupport_introspection_c-vector3__type_support.c.obj)
                0x100074bc                rosidl_typesupport_introspection_c__get_message_type_support_handle__geometry_msgs__msg__Vector3
 .text.get_serialized_size_geometry_msgs__msg__Twist
                0x100074d8       0x24 /home/pi/Documents/Omni_Bot_PI/micro_ros_pi/libmicroros/libmicroros.a(libgeometry_msgs__rosidl_typesupport_microxrcedds_c-twist__type_support_c.c.obj)
                0x100074d8                get_serialized_size_geometry_msgs__msg__Twist
 .text._Twist__cdr_deserialize
                0x100074fc       0x2c /home/pi/Documents/Omni_Bot_PI/micro_ros_pi/libmicroros/libmicroros.a(libgeometry_msgs__rosidl_typesupport_microxrcedds_c-twist__type_support_c.c.obj)
 .text._Twist__cdr_serialize
                0x10007528       0x30 /home/pi/Documents/Omni_Bot_PI/micro_ros_pi/libmicroros/libmicroros.a(libgeometry_msgs__rosidl_typesupport_microxrcedds_c-twist__type_support_c.c.obj)
 .text._Twist__get_serialized_size
                0x10007558       0x20 /home/pi/Documents/Omni_Bot_PI/micro_ros_pi/libmicroros/libmicroros.a(libgeometry_msgs__rosidl_typesupport_microxrcedds_c-twist__type_support_c.c.obj)
 .text._Twist__max_serialized_size
                0x10007578       0x24 /home/pi/Documents/Omni_Bot_PI/micro_ros_pi/libmicroros/libmicroros.a(libgeometry_msgs__rosidl_typesupport_microxrcedds_c-twist__type_support_c.c.obj)
 .text.rosidl_typesupport_microxrcedds_c__get_message_type_support_handle__geometry_msgs__msg__Twist
                0x1000759c        0x8 /home/pi/Documents/Omni_Bot_PI/micro_ros_pi/libmicroros/libmicroros.a(libgeometry_msgs__rosidl_typesupport_microxrcedds_c-twist__type_support_c.c.obj)
                0x1000759c                rosidl_typesupport_microxrcedds_c__get_message_type_support_handle__geometry_msgs__msg__Twist
 .text.get_serialized_size_geometry_msgs__msg__Vector3
                0x100075a4       0x38 /home/pi/Documents/Omni_Bot_PI/micro_ros_pi/libmicroros/libmicroros.a(libgeometry_msgs__rosidl_typesupport_microxrcedds_c-vector3__type_support_c.c.obj)
                0x100075a4                get_serialized_size_geometry_msgs__msg__Vector3
 .text._Vector3__cdr_deserialize
                0x100075dc       0x28 /home/pi/Documents/Omni_Bot_PI/micro_ros_pi/libmicroros/libmicroros.a(libgeometry_msgs__rosidl_typesupport_microxrcedds_c-vector3__type_support_c.c.obj)
 .text._Vector3__cdr_serialize
                0x10007604       0x30 /home/pi/Documents/Omni_Bot_PI/micro_ros_pi/libmicroros/libmicroros.a(libgeometry_msgs__rosidl_typesupport_microxrcedds_c-vector3__type_support_c.c.obj)
 .text._Vector3__get_serialized_size
                0x10007634       0x30 /home/pi/Documents/Omni_Bot_PI/micro_ros_pi/libmicroros/libmicroros.a(libgeometry_msgs__rosidl_typesupport_microxrcedds_c-vector3__type_support_c.c.obj)
 .text._Vector3__max_serialized_size
                0x10007664       0x28 /home/pi/Documents/Omni_Bot_PI/micro_ros_pi/libmicroros/libmicroros.a(libgeometry_msgs__rosidl_typesupport_microxrcedds_c-vector3__type_support_c.c.obj)
 .text.max_serialized_size_geometry_msgs__msg__Vector3
                0x1000768c       0x34 /home/pi/Documents/Omni_Bot_PI/micro_ros_pi/libmicroros/libmicroros.a(libgeometry_msgs__rosidl_typesupport_microxrcedds_c-vector3__type_support_c.c.obj)
                0x1000768c                max_serialized_size_geometry_msgs__msg__Vector3
 .text.rosidl_typesupport_microxrcedds_c__get_message_type_support_handle__geometry_msgs__msg__Vector3
                0x100076c0        0x8 /home/pi/Documents/Omni_Bot_PI/micro_ros_pi/libmicroros/libmicroros.a(libgeometry_msgs__rosidl_typesupport_microxrcedds_c-vector3__type_support_c.c.obj)
                0x100076c0                rosidl_typesupport_microxrcedds_c__get_message_type_support_handle__geometry_msgs__msg__Vector3
 .text.ucdr_serialize_bool
                0x100076c8       0x2c /home/pi/Documents/Omni_Bot_PI/micro_ros_pi/libmicroros/libmicroros.a(libmicrocdr-basic.c.obj)
                0x100076c8                ucdr_serialize_bool
 .text.ucdr_deserialize_bool
                0x100076f4       0x30 /home/pi/Documents/Omni_Bot_PI/micro_ros_pi/libmicroros/libmicroros.a(libmicrocdr-basic.c.obj)
                0x100076f4                ucdr_deserialize_bool
 .text.ucdr_serialize_uint8_t
                0x10007724       0x2c /home/pi/Documents/Omni_Bot_PI/micro_ros_pi/libmicroros/libmicroros.a(libmicrocdr-basic.c.obj)
                0x10007724                ucdr_serialize_uint8_t
 .text.ucdr_deserialize_uint8_t
                0x10007750       0x30 /home/pi/Documents/Omni_Bot_PI/micro_ros_pi/libmicroros/libmicroros.a(libmicrocdr-basic.c.obj)
                0x10007750                ucdr_deserialize_uint8_t
 .text.ucdr_serialize_uint16_t
                0x10007780       0xf4 /home/pi/Documents/Omni_Bot_PI/micro_ros_pi/libmicroros/libmicroros.a(libmicrocdr-basic.c.obj)
                0x10007780                ucdr_serialize_uint16_t
 .text.ucdr_serialize_endian_uint16_t
                0x10007874      0x100 /home/pi/Documents/Omni_Bot_PI/micro_ros_pi/libmicroros/libmicroros.a(libmicrocdr-basic.c.obj)
                0x10007874                ucdr_serialize_endian_uint16_t
 .text.ucdr_deserialize_uint16_t
                0x10007974       0xec /home/pi/Documents/Omni_Bot_PI/micro_ros_pi/libmicroros/libmicroros.a(libmicrocdr-basic.c.obj)
                0x10007974                ucdr_deserialize_uint16_t
 .text.ucdr_deserialize_endian_uint16_t
                0x10007a60       0xf8 /home/pi/Documents/Omni_Bot_PI/micro_ros_pi/libmicroros/libmicroros.a(libmicrocdr-basic.c.obj)
                0x10007a60                ucdr_deserialize_endian_uint16_t
 .text.ucdr_serialize_uint32_t
                0x10007b58      0x11c /home/pi/Documents/Omni_Bot_PI/micro_ros_pi/libmicroros/libmicroros.a(libmicrocdr-basic.c.obj)
                0x10007b58                ucdr_serialize_uint32_t
 .text.ucdr_serialize_endian_uint32_t
                0x10007c74      0x11c /home/pi/Documents/Omni_Bot_PI/micro_ros_pi/libmicroros/libmicroros.a(libmicrocdr-basic.c.obj)
                0x10007c74                ucdr_serialize_endian_uint32_t
 .text.ucdr_deserialize_uint32_t
                0x10007d90      0x11c /home/pi/Documents/Omni_Bot_PI/micro_ros_pi/libmicroros/libmicroros.a(libmicrocdr-basic.c.obj)
                0x10007d90                ucdr_deserialize_uint32_t
 .text.ucdr_deserialize_endian_uint32_t
                0x10007eac      0x12c /home/pi/Documents/Omni_Bot_PI/micro_ros_pi/libmicroros/libmicroros.a(libmicrocdr-basic.c.obj)
                0x10007eac                ucdr_deserialize_endian_uint32_t
 .text.ucdr_serialize_uint64_t
                0x10007fd8      0x170 /home/pi/Documents/Omni_Bot_PI/micro_ros_pi/libmicroros/libmicroros.a(libmicrocdr-basic.c.obj)
                0x10007fd8                ucdr_serialize_uint64_t
 .text.ucdr_serialize_int16_t
                0x10008148       0xf4 /home/pi/Documents/Omni_Bot_PI/micro_ros_pi/libmicroros/libmicroros.a(libmicrocdr-basic.c.obj)
                0x10008148                ucdr_serialize_int16_t
 .text.ucdr_deserialize_int16_t
                0x1000823c       0xec /home/pi/Documents/Omni_Bot_PI/micro_ros_pi/libmicroros/libmicroros.a(libmicrocdr-basic.c.obj)
                0x1000823c                ucdr_deserialize_int16_t
 .text.ucdr_serialize_int32_t
                0x10008328      0x11c /home/pi/Documents/Omni_Bot_PI/micro_ros_pi/libmicroros/libmicroros.a(libmicrocdr-basic.c.obj)
                0x10008328                ucdr_serialize_int32_t
 .text.ucdr_deserialize_int32_t
                0x10008444      0x11c /home/pi/Documents/Omni_Bot_PI/micro_ros_pi/libmicroros/libmicroros.a(libmicrocdr-basic.c.obj)
                0x10008444                ucdr_deserialize_int32_t
 .text.ucdr_serialize_double
                0x10008560      0x170 /home/pi/Documents/Omni_Bot_PI/micro_ros_pi/libmicroros/libmicroros.a(libmicrocdr-basic.c.obj)
                0x10008560                ucdr_serialize_double
 .text.ucdr_deserialize_double
                0x100086d0      0x180 /home/pi/Documents/Omni_Bot_PI/micro_ros_pi/libmicroros/libmicroros.a(libmicrocdr-basic.c.obj)
                0x100086d0                ucdr_deserialize_double
 .text.ucdr_check_buffer_available_for
                0x10008850       0x1c /home/pi/Documents/Omni_Bot_PI/micro_ros_pi/libmicroros/libmicroros.a(libmicrocdr-common.c.obj)
                0x10008850                ucdr_check_buffer_available_for
 .text.ucdr_check_final_buffer_behavior
                0x1000886c       0x38 /home/pi/Documents/Omni_Bot_PI/micro_ros_pi/libmicroros/libmicroros.a(libmicrocdr-common.c.obj)
                0x1000886c                ucdr_check_final_buffer_behavior
 .text.ucdr_set_on_full_buffer_callback
                0x100088a4        0x8 /home/pi/Documents/Omni_Bot_PI/micro_ros_pi/libmicroros/libmicroros.a(libmicrocdr-common.c.obj)
                0x100088a4                ucdr_set_on_full_buffer_callback
 .text.ucdr_init_buffer_origin_offset_endian
                0x100088ac       0x28 /home/pi/Documents/Omni_Bot_PI/micro_ros_pi/libmicroros/libmicroros.a(libmicrocdr-common.c.obj)
                0x100088ac                ucdr_init_buffer_origin_offset_endian
 .text.ucdr_init_buffer_origin_offset
                0x100088d4       0x14 /home/pi/Documents/Omni_Bot_PI/micro_ros_pi/libmicroros/libmicroros.a(libmicrocdr-common.c.obj)
                0x100088d4                ucdr_init_buffer_origin_offset
 .text.ucdr_init_buffer_origin
                0x100088e8       0x10 /home/pi/Documents/Omni_Bot_PI/micro_ros_pi/libmicroros/libmicroros.a(libmicrocdr-common.c.obj)
                0x100088e8                ucdr_init_buffer_origin
 .text.ucdr_init_buffer
                0x100088f8        0xc /home/pi/Documents/Omni_Bot_PI/micro_ros_pi/libmicroros/libmicroros.a(libmicrocdr-common.c.obj)
                0x100088f8                ucdr_init_buffer
 .text.ucdr_alignment
                0x10008904       0x10 /home/pi/Documents/Omni_Bot_PI/micro_ros_pi/libmicroros/libmicroros.a(libmicrocdr-common.c.obj)
                0x10008904                ucdr_alignment
 .text.ucdr_buffer_alignment
                0x10008914       0x1c /home/pi/Documents/Omni_Bot_PI/micro_ros_pi/libmicroros/libmicroros.a(libmicrocdr-common.c.obj)
                0x10008914                ucdr_buffer_alignment
 .text.ucdr_align_to
                0x10008930       0x24 /home/pi/Documents/Omni_Bot_PI/micro_ros_pi/libmicroros/libmicroros.a(libmicrocdr-common.c.obj)
                0x10008930                ucdr_align_to
 .text.ucdr_buffer_length
                0x10008954        0x8 /home/pi/Documents/Omni_Bot_PI/micro_ros_pi/libmicroros/libmicroros.a(libmicrocdr-common.c.obj)
                0x10008954                ucdr_buffer_length
 .text.ucdr_buffer_remaining
                0x1000895c        0x8 /home/pi/Documents/Omni_Bot_PI/micro_ros_pi/libmicroros/libmicroros.a(libmicrocdr-common.c.obj)
                0x1000895c                ucdr_buffer_remaining
 .text.ucdr_check_final_buffer_behavior_array
                0x10008964       0x44 /home/pi/Documents/Omni_Bot_PI/micro_ros_pi/libmicroros/libmicroros.a(libmicrocdr-common.c.obj)
                0x10008964                ucdr_check_final_buffer_behavior_array
 .text.ucdr_advance_buffer
                0x100089a8       0x44 /home/pi/Documents/Omni_Bot_PI/micro_ros_pi/libmicroros/libmicroros.a(libmicrocdr-common.c.obj)
                0x100089a8                ucdr_advance_buffer
 .text.rcl_get_zero_initialized_publisher
                0x100089ec        0xc /home/pi/Documents/Omni_Bot_PI/micro_ros_pi/libmicroros/libmicroros.a(librcl-publisher.c.obj)
                0x100089ec                rcl_get_zero_initialized_publisher
 .text.rcl_publisher_init
                0x100089f8      0x138 /home/pi/Documents/Omni_Bot_PI/micro_ros_pi/libmicroros/libmicroros.a(librcl-publisher.c.obj)
                0x100089f8                rcl_publisher_init
 .text.rcl_publisher_get_default_options
                0x10008b30       0x50 /home/pi/Documents/Omni_Bot_PI/micro_ros_pi/libmicroros/libmicroros.a(librcl-publisher.c.obj)
                0x10008b30                rcl_publisher_get_default_options
 .text.rcl_publish
                0x10008b80       0x4c /home/pi/Documents/Omni_Bot_PI/micro_ros_pi/libmicroros/libmicroros.a(librcl-publisher.c.obj)
                0x10008b80                rcl_publish
 .text.rcl_publisher_is_valid
                0x10008bcc       0x30 /home/pi/Documents/Omni_Bot_PI/micro_ros_pi/libmicroros/libmicroros.a(librcl-publisher.c.obj)
                0x10008bcc                rcl_publisher_is_valid
 .text.rcl_publisher_is_valid_except_context
                0x10008bfc       0x1c /home/pi/Documents/Omni_Bot_PI/micro_ros_pi/libmicroros/libmicroros.a(librcl-publisher.c.obj)
                0x10008bfc                rcl_publisher_is_valid_except_context
 .text._rclc_check_for_new_data
                0x10008c18       0x90 /home/pi/Documents/Omni_Bot_PI/micro_ros_pi/libmicroros/libmicroros.a(librclc-executor.c.obj)
 .text._rclc_take_new_data
                0x10008ca8      0x2c8 /home/pi/Documents/Omni_Bot_PI/micro_ros_pi/libmicroros/libmicroros.a(librclc-executor.c.obj)
 .text._rclc_execute.part.0
                0x10008f70      0x29c /home/pi/Documents/Omni_Bot_PI/micro_ros_pi/libmicroros/libmicroros.a(librclc-executor.c.obj)
 .text.rclc_executor_trigger_any
                0x1000920c       0x7c /home/pi/Documents/Omni_Bot_PI/micro_ros_pi/libmicroros/libmicroros.a(librclc-executor.c.obj)
                0x1000920c                rclc_executor_trigger_any
 .text.rclc_executor_init
                0x10009288       0xc0 /home/pi/Documents/Omni_Bot_PI/micro_ros_pi/libmicroros/libmicroros.a(librclc-executor.c.obj)
                0x10009288                rclc_executor_init
 .text.rclc_executor_add_subscription
                0x10009348       0x74 /home/pi/Documents/Omni_Bot_PI/micro_ros_pi/libmicroros/libmicroros.a(librclc-executor.c.obj)
                0x10009348                rclc_executor_add_subscription
 .text.rclc_executor_add_timer
                0x100093bc       0x58 /home/pi/Documents/Omni_Bot_PI/micro_ros_pi/libmicroros/libmicroros.a(librclc-executor.c.obj)
                0x100093bc                rclc_executor_add_timer
 .text.rclc_executor_prepare
                0x10009414       0x88 /home/pi/Documents/Omni_Bot_PI/micro_ros_pi/libmicroros/libmicroros.a(librclc-executor.c.obj)
                0x10009414                rclc_executor_prepare
 .text.rclc_executor_spin_some.part.0
                0x1000949c      0x378 /home/pi/Documents/Omni_Bot_PI/micro_ros_pi/libmicroros/libmicroros.a(librclc-executor.c.obj)
 .text.rclc_executor_spin_some
                0x10009814       0x30 /home/pi/Documents/Omni_Bot_PI/micro_ros_pi/libmicroros/libmicroros.a(librclc-executor.c.obj)
                0x10009814                rclc_executor_spin_some
 .text.rclc_executor_handle_counters_zero_init
                0x10009844       0x18 /home/pi/Documents/Omni_Bot_PI/micro_ros_pi/libmicroros/libmicroros.a(librclc-executor_handle.c.obj)
                0x10009844                rclc_executor_handle_counters_zero_init
 .text.rclc_executor_handle_init
                0x1000985c       0x28 /home/pi/Documents/Omni_Bot_PI/micro_ros_pi/libmicroros/libmicroros.a(librclc-executor_handle.c.obj)
                0x1000985c                rclc_executor_handle_init
 .text.rclc_support_init
                0x10009884       0x94 /home/pi/Documents/Omni_Bot_PI/micro_ros_pi/libmicroros/libmicroros.a(librclc-init.c.obj)
                0x10009884                rclc_support_init
 .text.rclc_node_init_default
                0x10009918       0x74 /home/pi/Documents/Omni_Bot_PI/micro_ros_pi/libmicroros/libmicroros.a(librclc-node.c.obj)
                0x10009918                rclc_node_init_default
 .text.rclc_publisher_init_default
                0x1000998c       0x68 /home/pi/Documents/Omni_Bot_PI/micro_ros_pi/libmicroros/libmicroros.a(librclc-publisher.c.obj)
                0x1000998c                rclc_publisher_init_default
 .text.rclc_subscription_init_default
                0x100099f4       0x68 /home/pi/Documents/Omni_Bot_PI/micro_ros_pi/libmicroros/libmicroros.a(librclc-subscription.c.obj)
                0x100099f4                rclc_subscription_init_default
 .text.rclc_timer_init_default
                0x10009a5c       0x60 /home/pi/Documents/Omni_Bot_PI/micro_ros_pi/libmicroros/libmicroros.a(librclc-timer.c.obj)
                0x10009a5c                rclc_timer_init_default
 .text.__default_zero_allocate
                0x10009abc        0x8 /home/pi/Documents/Omni_Bot_PI/micro_ros_pi/libmicroros/libmicroros.a(librcutils-allocator.c.obj)
 .text.__default_reallocate
                0x10009ac4        0x8 /home/pi/Documents/Omni_Bot_PI/micro_ros_pi/libmicroros/libmicroros.a(librcutils-allocator.c.obj)
 .text.__default_deallocate
                0x10009acc        0x8 /home/pi/Documents/Omni_Bot_PI/micro_ros_pi/libmicroros/libmicroros.a(librcutils-allocator.c.obj)
 .text.__default_allocate
                0x10009ad4        0x8 /home/pi/Documents/Omni_Bot_PI/micro_ros_pi/libmicroros/libmicroros.a(librcutils-allocator.c.obj)
 .text.rcutils_get_default_allocator
                0x10009adc       0x14 /home/pi/Documents/Omni_Bot_PI/micro_ros_pi/libmicroros/libmicroros.a(librcutils-allocator.c.obj)
                0x10009adc                rcutils_get_default_allocator
 .text.rcutils_allocator_is_valid
                0x10009af0       0x24 /home/pi/Documents/Omni_Bot_PI/micro_ros_pi/libmicroros/libmicroros.a(librcutils-allocator.c.obj)
                0x10009af0                rcutils_allocator_is_valid
 .text.rcutils_get_error_string
                0x10009b14       0x34 /home/pi/Documents/Omni_Bot_PI/micro_ros_pi/libmicroros/libmicroros.a(librcutils-error_handling.c.obj)
                0x10009b14                rcutils_get_error_string
 .text.rcutils_reset_error
                0x10009b48       0x38 /home/pi/Documents/Omni_Bot_PI/micro_ros_pi/libmicroros/libmicroros.a(librcutils-error_handling.c.obj)
                0x10009b48                rcutils_reset_error
 .text.rcutils_system_time_now
                0x10009b80       0x4c /home/pi/Documents/Omni_Bot_PI/micro_ros_pi/libmicroros/libmicroros.a(librcutils-time_unix.c.obj)
                0x10009b80                rcutils_system_time_now
 .text.rcutils_steady_time_now
                0x10009bcc       0x4c /home/pi/Documents/Omni_Bot_PI/micro_ros_pi/libmicroros/libmicroros.a(librcutils-time_unix.c.obj)
                0x10009bcc                rcutils_steady_time_now
 .text.rmw_get_default_publisher_options
                0x10009c18        0x8 /home/pi/Documents/Omni_Bot_PI/micro_ros_pi/libmicroros/libmicroros.a(librmw-publisher_options.c.obj)
                0x10009c18                rmw_get_default_publisher_options
 .text.rmw_uros_set_custom_transport
                0x10009c20       0x34 /home/pi/Documents/Omni_Bot_PI/micro_ros_pi/libmicroros/libmicroros.a(librmw_microxrcedds-custom_transport.c.obj)
                0x10009c20                rmw_uros_set_custom_transport
 .text.rmw_uros_ping_agent
                0x10009c54       0xa0 /home/pi/Documents/Omni_Bot_PI/micro_ros_pi/libmicroros/libmicroros.a(librmw_microxrcedds-ping.c.obj)
                0x10009c54                rmw_uros_ping_agent
 .text.flush_session
                0x10009cf4        0xc /home/pi/Documents/Omni_Bot_PI/micro_ros_pi/libmicroros/libmicroros.a(librmw_microxrcedds-rmw_publish.c.obj)
                0x10009cf4                flush_session
 .text.rmw_publish
                0x10009d00       0xd8 /home/pi/Documents/Omni_Bot_PI/micro_ros_pi/libmicroros/libmicroros.a(librmw_microxrcedds-rmw_publish.c.obj)
                0x10009d00                rmw_publish
 .text.rmw_create_publisher
                0x10009dd8      0x20c /home/pi/Documents/Omni_Bot_PI/micro_ros_pi/libmicroros/libmicroros.a(librmw_microxrcedds-rmw_publisher.c.obj)
                0x10009dd8                rmw_create_publisher
 .text.rmw_publisher_get_actual_qos
                0x10009fe4       0x20 /home/pi/Documents/Omni_Bot_PI/micro_ros_pi/libmicroros/libmicroros.a(librmw_microxrcedds-rmw_publisher.c.obj)
                0x10009fe4                rmw_publisher_get_actual_qos
 .text.rmw_destroy_publisher
                0x1000a004       0xf4 /home/pi/Documents/Omni_Bot_PI/micro_ros_pi/libmicroros/libmicroros.a(librmw_microxrcedds-rmw_publisher.c.obj)
                0x1000a004                rmw_destroy_publisher
 .text.rmw_uxrce_transport_init
                0x1000a0f8       0x2c /home/pi/Documents/Omni_Bot_PI/micro_ros_pi/libmicroros/libmicroros.a(librmw_microxrcedds-rmw_uxrce_transports.c.obj)
                0x1000a0f8                rmw_uxrce_transport_init
 .text.rmw_uxrce_init_service_memory
                0x1000a124       0x48 /home/pi/Documents/Omni_Bot_PI/micro_ros_pi/libmicroros/libmicroros.a(librmw_microxrcedds-types.c.obj)
                0x1000a124                rmw_uxrce_init_service_memory
 .text.rmw_uxrce_init_client_memory
                0x1000a16c       0x48 /home/pi/Documents/Omni_Bot_PI/micro_ros_pi/libmicroros/libmicroros.a(librmw_microxrcedds-types.c.obj)
                0x1000a16c                rmw_uxrce_init_client_memory
 .text.rmw_uxrce_init_publisher_memory
                0x1000a1b4       0x48 /home/pi/Documents/Omni_Bot_PI/micro_ros_pi/libmicroros/libmicroros.a(librmw_microxrcedds-types.c.obj)
                0x1000a1b4                rmw_uxrce_init_publisher_memory
 .text.rmw_uxrce_init_subscription_memory
                0x1000a1fc       0x48 /home/pi/Documents/Omni_Bot_PI/micro_ros_pi/libmicroros/libmicroros.a(librmw_microxrcedds-types.c.obj)
                0x1000a1fc                rmw_uxrce_init_subscription_memory
 .text.rmw_uxrce_init_node_memory
                0x1000a244       0x48 /home/pi/Documents/Omni_Bot_PI/micro_ros_pi/libmicroros/libmicroros.a(librmw_microxrcedds-types.c.obj)
                0x1000a244                rmw_uxrce_init_node_memory
 .text.rmw_uxrce_init_session_memory
                0x1000a28c       0x50 /home/pi/Documents/Omni_Bot_PI/micro_ros_pi/libmicroros/libmicroros.a(librmw_microxrcedds-types.c.obj)
                0x1000a28c                rmw_uxrce_init_session_memory
 .text.rmw_uxrce_init_topic_memory
                0x1000a2dc       0x48 /home/pi/Documents/Omni_Bot_PI/micro_ros_pi/libmicroros/libmicroros.a(librmw_microxrcedds-types.c.obj)
                0x1000a2dc                rmw_uxrce_init_topic_memory
 .text.rmw_uxrce_init_static_input_buffer_memory
                0x1000a324       0x50 /home/pi/Documents/Omni_Bot_PI/micro_ros_pi/libmicroros/libmicroros.a(librmw_microxrcedds-types.c.obj)
                0x1000a324                rmw_uxrce_init_static_input_buffer_memory
 .text.rmw_uxrce_init_init_options_impl_memory
                0x1000a374       0x48 /home/pi/Documents/Omni_Bot_PI/micro_ros_pi/libmicroros/libmicroros.a(librmw_microxrcedds-types.c.obj)
                0x1000a374                rmw_uxrce_init_init_options_impl_memory
 .text.rmw_uxrce_init_wait_set_memory
                0x1000a3bc       0x48 /home/pi/Documents/Omni_Bot_PI/micro_ros_pi/libmicroros/libmicroros.a(librmw_microxrcedds-types.c.obj)
                0x1000a3bc                rmw_uxrce_init_wait_set_memory
 .text.rmw_uxrce_init_guard_condition_memory
                0x1000a404       0x48 /home/pi/Documents/Omni_Bot_PI/micro_ros_pi/libmicroros/libmicroros.a(librmw_microxrcedds-types.c.obj)
                0x1000a404                rmw_uxrce_init_guard_condition_memory
 .text.rmw_uxrce_fini_session_memory
                0x1000a44c       0x10 /home/pi/Documents/Omni_Bot_PI/micro_ros_pi/libmicroros/libmicroros.a(librmw_microxrcedds-types.c.obj)
                0x1000a44c                rmw_uxrce_fini_session_memory
 .text.rmw_uxrce_fini_node_memory
                0x1000a45c       0x34 /home/pi/Documents/Omni_Bot_PI/micro_ros_pi/libmicroros/libmicroros.a(librmw_microxrcedds-types.c.obj)
                0x1000a45c                rmw_uxrce_fini_node_memory
 .text.rmw_uxrce_fini_publisher_memory
                0x1000a490       0x34 /home/pi/Documents/Omni_Bot_PI/micro_ros_pi/libmicroros/libmicroros.a(librmw_microxrcedds-types.c.obj)
                0x1000a490                rmw_uxrce_fini_publisher_memory
 .text.rmw_uxrce_fini_subscription_memory
                0x1000a4c4       0x34 /home/pi/Documents/Omni_Bot_PI/micro_ros_pi/libmicroros/libmicroros.a(librmw_microxrcedds-types.c.obj)
                0x1000a4c4                rmw_uxrce_fini_subscription_memory
 .text.rmw_uxrce_fini_service_memory
                0x1000a4f8       0x34 /home/pi/Documents/Omni_Bot_PI/micro_ros_pi/libmicroros/libmicroros.a(librmw_microxrcedds-types.c.obj)
                0x1000a4f8                rmw_uxrce_fini_service_memory
 .text.rmw_uxrce_fini_client_memory
                0x1000a52c       0x34 /home/pi/Documents/Omni_Bot_PI/micro_ros_pi/libmicroros/libmicroros.a(librmw_microxrcedds-types.c.obj)
                0x1000a52c                rmw_uxrce_fini_client_memory
 .text.rmw_uxrce_fini_topic_memory
                0x1000a560       0x18 /home/pi/Documents/Omni_Bot_PI/micro_ros_pi/libmicroros/libmicroros.a(librmw_microxrcedds-types.c.obj)
                0x1000a560                rmw_uxrce_fini_topic_memory
 .text.rmw_uxrce_get_static_input_buffer_for_entity
                0x1000a578       0xbc /home/pi/Documents/Omni_Bot_PI/micro_ros_pi/libmicroros/libmicroros.a(librmw_microxrcedds-types.c.obj)
                0x1000a578                rmw_uxrce_get_static_input_buffer_for_entity
 .text.rmw_uxrce_find_static_input_buffer_by_owner
                0x1000a634       0x5c /home/pi/Documents/Omni_Bot_PI/micro_ros_pi/libmicroros/libmicroros.a(librmw_microxrcedds-types.c.obj)
                0x1000a634                rmw_uxrce_find_static_input_buffer_by_owner
 .text.rmw_uxrce_clean_expired_static_input_buffer
                0x1000a690       0xfc /home/pi/Documents/Omni_Bot_PI/micro_ros_pi/libmicroros/libmicroros.a(librmw_microxrcedds-types.c.obj)
                0x1000a690                rmw_uxrce_clean_expired_static_input_buffer
 .text.run_xrce_session
                0x1000a78c       0x40 /home/pi/Documents/Omni_Bot_PI/micro_ros_pi/libmicroros/libmicroros.a(librmw_microxrcedds-utils.c.obj)
                0x1000a78c                run_xrce_session
 .text.convert_qos_profile
                0x1000a7cc       0x2c /home/pi/Documents/Omni_Bot_PI/micro_ros_pi/libmicroros/libmicroros.a(librmw_microxrcedds-utils.c.obj)
                0x1000a7cc                convert_qos_profile
 .text.generate_type_name
                0x1000a7f8       0x68 /home/pi/Documents/Omni_Bot_PI/micro_ros_pi/libmicroros/libmicroros.a(librmw_microxrcedds-utils.c.obj)
                0x1000a7f8                generate_type_name
 .text.generate_topic_name
                0x1000a860       0x38 /home/pi/Documents/Omni_Bot_PI/micro_ros_pi/libmicroros/libmicroros.a(librmw_microxrcedds-utils.c.obj)
                0x1000a860                generate_topic_name
 .text.is_uxrce_rmw_identifier_valid
                0x1000a898       0x20 /home/pi/Documents/Omni_Bot_PI/micro_ros_pi/libmicroros/libmicroros.a(librmw_microxrcedds-utils.c.obj)
                0x1000a898                is_uxrce_rmw_identifier_valid
 .text.get_message_typesupport_handle
                0x1000a8b8        0x8 /home/pi/Documents/Omni_Bot_PI/micro_ros_pi/libmicroros/libmicroros.a(librosidl_runtime_c-message_type_support.c.obj)
                0x1000a8b8                get_message_typesupport_handle
 .text.get_message_typesupport_handle_function
                0x1000a8c0       0x18 /home/pi/Documents/Omni_Bot_PI/micro_ros_pi/libmicroros/libmicroros.a(librosidl_runtime_c-message_type_support.c.obj)
                0x1000a8c0                get_message_typesupport_handle_function
 .text.rosidl_typesupport_c__get_message_typesupport_handle_function
                0x1000a8d8       0x64 /home/pi/Documents/Omni_Bot_PI/micro_ros_pi/libmicroros/libmicroros.a(librosidl_typesupport_c-message_type_support_dispatch.cpp.obj)
                0x1000a8d8                rosidl_typesupport_c__get_message_typesupport_handle_function
 .text.rosidl_typesupport_c__get_message_type_support_handle__std_msgs__msg__Float64
                0x1000a93c       0x1c /home/pi/Documents/Omni_Bot_PI/micro_ros_pi/libmicroros/libmicroros.a(libstd_msgs__rosidl_typesupport_c-float64__type_support.cpp.obj)
                0x1000a93c                rosidl_typesupport_c__get_message_type_support_handle__std_msgs__msg__Float64
 .text.startup._GLOBAL__sub_I_rosidl_typesupport_c__get_message_type_support_handle__std_msgs__msg__Float64
                0x1000a958       0x14 /home/pi/Documents/Omni_Bot_PI/micro_ros_pi/libmicroros/libmicroros.a(libstd_msgs__rosidl_typesupport_c-float64__type_support.cpp.obj)
 .text.std_msgs__msg__Float64__rosidl_typesupport_introspection_c__Float64_init_function
                0x1000a96c        0x8 /home/pi/Documents/Omni_Bot_PI/micro_ros_pi/libmicroros/libmicroros.a(libstd_msgs__rosidl_typesupport_introspection_c-float64__type_support.c.obj)
                0x1000a96c                std_msgs__msg__Float64__rosidl_typesupport_introspection_c__Float64_init_function
 .text.std_msgs__msg__Float64__rosidl_typesupport_introspection_c__Float64_fini_function
                0x1000a974        0x8 /home/pi/Documents/Omni_Bot_PI/micro_ros_pi/libmicroros/libmicroros.a(libstd_msgs__rosidl_typesupport_introspection_c-float64__type_support.c.obj)
                0x1000a974                std_msgs__msg__Float64__rosidl_typesupport_introspection_c__Float64_fini_function
 .text.rosidl_typesupport_introspection_c__get_message_type_support_handle__std_msgs__msg__Float64
                0x1000a97c       0x1c /home/pi/Documents/Omni_Bot_PI/micro_ros_pi/libmicroros/libmicroros.a(libstd_msgs__rosidl_typesupport_introspection_c-float64__type_support.c.obj)
                0x1000a97c                rosidl_typesupport_introspection_c__get_message_type_support_handle__std_msgs__msg__Float64
 .text._Float64__max_serialized_size
                0x1000a998       0x10 /home/pi/Documents/Omni_Bot_PI/micro_ros_pi/libmicroros/libmicroros.a(libstd_msgs__rosidl_typesupport_microxrcedds_c-float64__type_support_c.c.obj)
 .text._Float64__cdr_deserialize
                0x1000a9a8       0x10 /home/pi/Documents/Omni_Bot_PI/micro_ros_pi/libmicroros/libmicroros.a(libstd_msgs__rosidl_typesupport_microxrcedds_c-float64__type_support_c.c.obj)
 .text._Float64__get_serialized_size
                0x1000a9b8       0x18 /home/pi/Documents/Omni_Bot_PI/micro_ros_pi/libmicroros/libmicroros.a(libstd_msgs__rosidl_typesupport_microxrcedds_c-float64__type_support_c.c.obj)
 .text._Float64__cdr_serialize
                0x1000a9d0       0x18 /home/pi/Documents/Omni_Bot_PI/micro_ros_pi/libmicroros/libmicroros.a(libstd_msgs__rosidl_typesupport_microxrcedds_c-float64__type_support_c.c.obj)
 .text.get_serialized_size_std_msgs__msg__Float64
                0x1000a9e8       0x18 /home/pi/Documents/Omni_Bot_PI/micro_ros_pi/libmicroros/libmicroros.a(libstd_msgs__rosidl_typesupport_microxrcedds_c-float64__type_support_c.c.obj)
                0x1000a9e8                get_serialized_size_std_msgs__msg__Float64
 .text.rosidl_typesupport_microxrcedds_c__get_message_type_support_handle__std_msgs__msg__Float64
                0x1000aa00        0x8 /home/pi/Documents/Omni_Bot_PI/micro_ros_pi/libmicroros/libmicroros.a(libstd_msgs__rosidl_typesupport_microxrcedds_c-float64__type_support_c.c.obj)
                0x1000aa00                rosidl_typesupport_microxrcedds_c__get_message_type_support_handle__std_msgs__msg__Float64
 .text.geometry_msgs__msg__Twist__init
                0x1000aa08       0x44 /home/pi/Documents/Omni_Bot_PI/micro_ros_pi/libmicroros/libmicroros.a(libgeometry_msgs__rosidl_generator_c-twist__functions.c.obj)
                0x1000aa08                geometry_msgs__msg__Twist__init
 .text.geometry_msgs__msg__Twist__fini
                0x1000aa4c       0x14 /home/pi/Documents/Omni_Bot_PI/micro_ros_pi/libmicroros/libmicroros.a(libgeometry_msgs__rosidl_generator_c-twist__functions.c.obj)
                0x1000aa4c                geometry_msgs__msg__Twist__fini
 .text.geometry_msgs__msg__Vector3__init
                0x1000aa60        0x8 /home/pi/Documents/Omni_Bot_PI/micro_ros_pi/libmicroros/libmicroros.a(libgeometry_msgs__rosidl_generator_c-vector3__functions.c.obj)
                0x1000aa60                geometry_msgs__msg__Vector3__init
 .text.geometry_msgs__msg__Vector3__fini
                0x1000aa68        0x4 /home/pi/Documents/Omni_Bot_PI/micro_ros_pi/libmicroros/libmicroros.a(libgeometry_msgs__rosidl_generator_c-vector3__functions.c.obj)
                0x1000aa68                geometry_msgs__msg__Vector3__fini
 .text.uxr_buffer_delete_entity
                0x1000aa6c       0x40 /home/pi/Documents/Omni_Bot_PI/micro_ros_pi/libmicroros/libmicroros.a(libmicroxrcedds_client-common_create_entities.c.obj)
                0x1000aa6c                uxr_buffer_delete_entity
 .text.uxr_common_create_entity